2025-07-19T15:14:10.2154319Z Current runner version: '2.326.0'
2025-07-19T15:14:10.2186189Z ##[group]Runner Image Provisioner
2025-07-19T15:14:10.2187494Z Hosted Compute Agent
2025-07-19T15:14:10.2188405Z Version: 20250711.363
2025-07-19T15:14:10.2189269Z Commit: 6785254374ce925a23743850c1cb91912ce5c14c
2025-07-19T15:14:10.2190474Z Build Date: 2025-07-11T20:04:25Z
2025-07-19T15:14:10.2191403Z ##[endgroup]
2025-07-19T15:14:10.2192267Z ##[group]Operating System
2025-07-19T15:14:10.2193316Z Ubuntu
2025-07-19T15:14:10.2194072Z 24.04.2
2025-07-19T15:14:10.2194809Z LTS
2025-07-19T15:14:10.2195539Z ##[endgroup]
2025-07-19T15:14:10.2196616Z ##[group]Runner Image
2025-07-19T15:14:10.2197527Z Image: ubuntu-24.04
2025-07-19T15:14:10.2198417Z Version: 20250710.1.0
2025-07-19T15:14:10.2200102Z Included Software: https://github.com/actions/runner-images/blob/ubuntu24/20250710.1/images/ubuntu/Ubuntu2404-Readme.md
2025-07-19T15:14:10.2202805Z Image Release: https://github.com/actions/runner-images/releases/tag/ubuntu24%2F20250710.1
2025-07-19T15:14:10.2204501Z ##[endgroup]
2025-07-19T15:14:10.2206557Z ##[group]GITHUB_TOKEN Permissions
2025-07-19T15:14:10.2209004Z Contents: read
2025-07-19T15:14:10.2209833Z Metadata: read
2025-07-19T15:14:10.2210750Z Packages: read
2025-07-19T15:14:10.2211528Z ##[endgroup]
2025-07-19T15:14:10.2214680Z Secret source: Actions
2025-07-19T15:14:10.2216386Z Prepare workflow directory
2025-07-19T15:14:10.2672967Z Prepare all required actions
2025-07-19T15:14:10.2729208Z Getting action download info
2025-07-19T15:14:10.5694930Z ##[group]Download immutable action package 'actions/checkout@v4'
2025-07-19T15:14:10.5696237Z Version: 4.2.2
2025-07-19T15:14:10.5697240Z Digest: sha256:ccb2698953eaebd21c7bf6268a94f9c26518a7e38e27e0b83c1fe1ad049819b1
2025-07-19T15:14:10.5698394Z Source commit SHA: 11bd71901bbe5b1630ceea73d27597364c9af683
2025-07-19T15:14:10.5699202Z ##[endgroup]
2025-07-19T15:14:10.6504768Z Download action repository 'dtolnay/rust-toolchain@stable' (SHA:4305c38b25d97ef35a8ad1f985ccf2d2242004f2)
2025-07-19T15:14:10.8389914Z ##[group]Download immutable action package 'actions/cache@v3'
2025-07-19T15:14:10.8390678Z Version: 3.4.3
2025-07-19T15:14:10.8391466Z Digest: sha256:912f76fb11db1ca09ae23248a39eb86e79ea0f0f6e183d9cb96d0b778eeea4e2
2025-07-19T15:14:10.8392405Z Source commit SHA: 2f8e54208210a422b2efd51efaa6bd6d7ca8920f
2025-07-19T15:14:10.8393090Z ##[endgroup]
2025-07-19T15:14:11.0955409Z Complete job name: Backend Tests
2025-07-19T15:14:11.1598044Z ##[group]Run actions/checkout@v4
2025-07-19T15:14:11.1598836Z with:
2025-07-19T15:14:11.1599222Z   repository: eshamster/full-scope
2025-07-19T15:14:11.1599869Z   token: ***
2025-07-19T15:14:11.1600235Z   ssh-strict: true
2025-07-19T15:14:11.1600624Z   ssh-user: git
2025-07-19T15:14:11.1601008Z   persist-credentials: true
2025-07-19T15:14:11.1601437Z   clean: true
2025-07-19T15:14:11.1601819Z   sparse-checkout-cone-mode: true
2025-07-19T15:14:11.1602285Z   fetch-depth: 1
2025-07-19T15:14:11.1602665Z   fetch-tags: false
2025-07-19T15:14:11.1603048Z   show-progress: true
2025-07-19T15:14:11.1603456Z   lfs: false
2025-07-19T15:14:11.1603813Z   submodules: false
2025-07-19T15:14:11.1604211Z   set-safe-directory: true
2025-07-19T15:14:11.1604835Z ##[endgroup]
2025-07-19T15:14:11.2711577Z Syncing repository: eshamster/full-scope
2025-07-19T15:14:11.2713225Z ##[group]Getting Git version info
2025-07-19T15:14:11.2713907Z Working directory is '/home/runner/work/full-scope/full-scope'
2025-07-19T15:14:11.2715102Z [command]/usr/bin/git version
2025-07-19T15:14:11.2750295Z git version 2.50.1
2025-07-19T15:14:11.2776176Z ##[endgroup]
2025-07-19T15:14:11.2797339Z Temporarily overriding HOME='/home/runner/work/_temp/8ab79b95-a6e3-4aa6-87ff-227ddecf140e' before making global git config changes
2025-07-19T15:14:11.2799835Z Adding repository directory to the temporary git global config as a safe directory
2025-07-19T15:14:11.2802261Z [command]/usr/bin/git config --global --add safe.directory /home/runner/work/full-scope/full-scope
2025-07-19T15:14:11.2837066Z Deleting the contents of '/home/runner/work/full-scope/full-scope'
2025-07-19T15:14:11.2840195Z ##[group]Initializing the repository
2025-07-19T15:14:11.2844416Z [command]/usr/bin/git init /home/runner/work/full-scope/full-scope
2025-07-19T15:14:11.2898811Z hint: Using 'master' as the name for the initial branch. This default branch name
2025-07-19T15:14:11.2900231Z hint: is subject to change. To configure the initial branch name to use in all
2025-07-19T15:14:11.2901713Z hint: of your new repositories, which will suppress this warning, call:
2025-07-19T15:14:11.2902472Z hint:
2025-07-19T15:14:11.2902947Z hint: 	git config --global init.defaultBranch <name>
2025-07-19T15:14:11.2903489Z hint:
2025-07-19T15:14:11.2904015Z hint: Names commonly chosen instead of 'master' are 'main', 'trunk' and
2025-07-19T15:14:11.2904850Z hint: 'development'. The just-created branch can be renamed via this command:
2025-07-19T15:14:11.2905512Z hint:
2025-07-19T15:14:11.2906172Z hint: 	git branch -m <name>
2025-07-19T15:14:11.2906916Z hint:
2025-07-19T15:14:11.2907604Z hint: Disable this message with "git config set advice.defaultBranchName false"
2025-07-19T15:14:11.2908568Z Initialized empty Git repository in /home/runner/work/full-scope/full-scope/.git/
2025-07-19T15:14:11.2911952Z [command]/usr/bin/git remote add origin https://github.com/eshamster/full-scope
2025-07-19T15:14:11.2943826Z ##[endgroup]
2025-07-19T15:14:11.2944536Z ##[group]Disabling automatic garbage collection
2025-07-19T15:14:11.2947913Z [command]/usr/bin/git config --local gc.auto 0
2025-07-19T15:14:11.2976659Z ##[endgroup]
2025-07-19T15:14:11.2977864Z ##[group]Setting up auth
2025-07-19T15:14:11.2984017Z [command]/usr/bin/git config --local --name-only --get-regexp core\.sshCommand
2025-07-19T15:14:11.3014637Z [command]/usr/bin/git submodule foreach --recursive sh -c "git config --local --name-only --get-regexp 'core\.sshCommand' && git config --local --unset-all 'core.sshCommand' || :"
2025-07-19T15:14:11.3260450Z [command]/usr/bin/git config --local --name-only --get-regexp http\.https\:\/\/github\.com\/\.extraheader
2025-07-19T15:14:11.3289394Z [command]/usr/bin/git submodule foreach --recursive sh -c "git config --local --name-only --get-regexp 'http\.https\:\/\/github\.com\/\.extraheader' && git config --local --unset-all 'http.https://github.com/.extraheader' || :"
2025-07-19T15:14:11.3509239Z [command]/usr/bin/git config --local http.https://github.com/.extraheader AUTHORIZATION: basic ***
2025-07-19T15:14:11.3550431Z ##[endgroup]
2025-07-19T15:14:11.3551706Z ##[group]Fetching the repository
2025-07-19T15:14:11.3559881Z [command]/usr/bin/git -c protocol.version=2 fetch --no-tags --prune --no-recurse-submodules --depth=1 origin +9924a350901da4b6157d3cd20cea7d017a67bb2f:refs/remotes/origin/main
2025-07-19T15:14:11.5447399Z From https://github.com/eshamster/full-scope
2025-07-19T15:14:11.5448728Z  * [new ref]         9924a350901da4b6157d3cd20cea7d017a67bb2f -> origin/main
2025-07-19T15:14:11.5470973Z ##[endgroup]
2025-07-19T15:14:11.5472017Z ##[group]Determining the checkout info
2025-07-19T15:14:11.5473257Z ##[endgroup]
2025-07-19T15:14:11.5477950Z [command]/usr/bin/git sparse-checkout disable
2025-07-19T15:14:11.5515167Z [command]/usr/bin/git config --local --unset-all extensions.worktreeConfig
2025-07-19T15:14:11.5541235Z ##[group]Checking out the ref
2025-07-19T15:14:11.5544781Z [command]/usr/bin/git checkout --progress --force -B main refs/remotes/origin/main
2025-07-19T15:14:11.5646372Z Switched to a new branch 'main'
2025-07-19T15:14:11.5649508Z branch 'main' set up to track 'origin/main'.
2025-07-19T15:14:11.5655096Z ##[endgroup]
2025-07-19T15:14:11.5686859Z [command]/usr/bin/git log -1 --format=%H
2025-07-19T15:14:11.5708294Z 9924a350901da4b6157d3cd20cea7d017a67bb2f
2025-07-19T15:14:11.6003802Z ##[group]Run dtolnay/rust-toolchain@stable
2025-07-19T15:14:11.6004352Z with:
2025-07-19T15:14:11.6004703Z   toolchain: stable
2025-07-19T15:14:11.6005080Z ##[endgroup]
2025-07-19T15:14:11.6133446Z ##[group]Run : parse toolchain version
2025-07-19T15:14:11.6134043Z [36;1m: parse toolchain version[0m
2025-07-19T15:14:11.6134957Z [36;1mif [[ $toolchain =~ ^stable' '[0-9]+' '(year|month|week|day)s?' 'ago$ ]]; then[0m
2025-07-19T15:14:11.6135647Z [36;1m  if [[ Linux == macOS ]]; then[0m
2025-07-19T15:14:11.6136658Z [36;1m    echo "toolchain=1.$((($(date -v-$(sed 's/stable \([0-9]*\) \(.\).*/\1\2/' <<< $toolchain) +%s)/60/60/24-16569)/7/6))" >> $GITHUB_OUTPUT[0m
2025-07-19T15:14:11.6137477Z [36;1m  else[0m
2025-07-19T15:14:11.6138133Z [36;1m    echo "toolchain=1.$((($(date --date "${toolchain#stable }" +%s)/60/60/24-16569)/7/6))" >> $GITHUB_OUTPUT[0m
2025-07-19T15:14:11.6138891Z [36;1m  fi[0m
2025-07-19T15:14:11.6139445Z [36;1melif [[ $toolchain =~ ^stable' 'minus' '[0-9]+' 'releases?$ ]]; then[0m
2025-07-19T15:14:11.6140336Z [36;1m  echo "toolchain=1.$((($(date +%s)/60/60/24-16569)/7/6-${toolchain//[^0-9]/}))" >> $GITHUB_OUTPUT[0m
2025-07-19T15:14:11.6141115Z [36;1melif [[ $toolchain =~ ^1\.[0-9]+$ ]]; then[0m
2025-07-19T15:14:11.6141975Z [36;1m  echo "toolchain=1.$((i=${toolchain#1.}, c=($(date +%s)/60/60/24-16569)/7/6, i+9*i*(10*i<=c)+90*i*(100*i<=c)))" >> $GITHUB_OUTPUT[0m
2025-07-19T15:14:11.6142772Z [36;1melse[0m
2025-07-19T15:14:11.6143202Z [36;1m  echo "toolchain=$toolchain" >> $GITHUB_OUTPUT[0m
2025-07-19T15:14:11.6143722Z [36;1mfi[0m
2025-07-19T15:14:11.6175582Z shell: /usr/bin/bash --noprofile --norc -e -o pipefail {0}
2025-07-19T15:14:11.6176370Z env:
2025-07-19T15:14:11.6176707Z   toolchain: stable
2025-07-19T15:14:11.6177074Z ##[endgroup]
2025-07-19T15:14:11.6312333Z ##[group]Run : construct rustup command line
2025-07-19T15:14:11.6312913Z [36;1m: construct rustup command line[0m
2025-07-19T15:14:11.6313674Z [36;1mecho "targets=$(for t in ${targets//,/ }; do echo -n ' --target' $t; done)" >> $GITHUB_OUTPUT[0m
2025-07-19T15:14:11.6314693Z [36;1mecho "components=$(for c in ${components//,/ }; do echo -n ' --component' $c; done)" >> $GITHUB_OUTPUT[0m
2025-07-19T15:14:11.6315512Z [36;1mecho "downgrade=" >> $GITHUB_OUTPUT[0m
2025-07-19T15:14:11.6341116Z shell: /usr/bin/bash --noprofile --norc -e -o pipefail {0}
2025-07-19T15:14:11.6341712Z env:
2025-07-19T15:14:11.6342036Z   targets: 
2025-07-19T15:14:11.6342377Z   components: 
2025-07-19T15:14:11.6342735Z ##[endgroup]
2025-07-19T15:14:11.6487241Z ##[group]Run : set $CARGO_HOME
2025-07-19T15:14:11.6487709Z [36;1m: set $CARGO_HOME[0m
2025-07-19T15:14:11.6488272Z [36;1mecho CARGO_HOME=${CARGO_HOME:-"$HOME/.cargo"} >> $GITHUB_ENV[0m
2025-07-19T15:14:11.6514040Z shell: /usr/bin/bash --noprofile --norc -e -o pipefail {0}
2025-07-19T15:14:11.6514629Z ##[endgroup]
2025-07-19T15:14:11.6596599Z ##[group]Run : install rustup if needed
2025-07-19T15:14:11.6597130Z [36;1m: install rustup if needed[0m
2025-07-19T15:14:11.6597665Z [36;1mif ! command -v rustup &>/dev/null; then[0m
2025-07-19T15:14:11.6598851Z [36;1m  curl --proto '=https' --tlsv1.2 --retry 10 --retry-connrefused --location --silent --show-error --fail https://sh.rustup.rs | sh -s -- --default-toolchain none -y[0m
2025-07-19T15:14:11.6600031Z [36;1m  echo "$CARGO_HOME/bin" >> $GITHUB_PATH[0m
2025-07-19T15:14:11.6600550Z [36;1mfi[0m
2025-07-19T15:14:11.6625670Z shell: /usr/bin/bash --noprofile --norc -e -o pipefail {0}
2025-07-19T15:14:11.6626493Z env:
2025-07-19T15:14:11.6626865Z   CARGO_HOME: /home/runner/.cargo
2025-07-19T15:14:11.6627312Z ##[endgroup]
2025-07-19T15:14:11.6706219Z ##[group]Run rustup toolchain install stable --profile minimal --no-self-update
2025-07-19T15:14:11.6707140Z [36;1mrustup toolchain install stable --profile minimal --no-self-update[0m
2025-07-19T15:14:11.6732469Z shell: /usr/bin/bash --noprofile --norc -e -o pipefail {0}
2025-07-19T15:14:11.6733108Z env:
2025-07-19T15:14:11.6733657Z   CARGO_HOME: /home/runner/.cargo
2025-07-19T15:14:11.6734121Z ##[endgroup]
2025-07-19T15:14:12.6158008Z info: syncing channel updates for 'stable-x86_64-unknown-linux-gnu'
2025-07-19T15:14:12.7517917Z 
2025-07-19T15:14:12.7609408Z   stable-x86_64-unknown-linux-gnu unchanged - rustc 1.88.0 (6b00bc388 2025-06-23)
2025-07-19T15:14:12.7610056Z 
2025-07-19T15:14:12.7659818Z ##[group]Run rustup default stable
2025-07-19T15:14:12.7660146Z [36;1mrustup default stable[0m
2025-07-19T15:14:12.7688953Z shell: /usr/bin/bash --noprofile --norc -e -o pipefail {0}
2025-07-19T15:14:12.7689321Z env:
2025-07-19T15:14:12.7689549Z   CARGO_HOME: /home/runner/.cargo
2025-07-19T15:14:12.7689815Z ##[endgroup]
2025-07-19T15:14:12.7789287Z info: using existing install for 'stable-x86_64-unknown-linux-gnu'
2025-07-19T15:14:12.8092653Z info: default toolchain set to 'stable-x86_64-unknown-linux-gnu'
2025-07-19T15:14:12.8093448Z 
2025-07-19T15:14:12.8179507Z   stable-x86_64-unknown-linux-gnu unchanged - rustc 1.88.0 (6b00bc388 2025-06-23)
2025-07-19T15:14:12.8179995Z 
2025-07-19T15:14:12.8226259Z ##[group]Run : create cachekey
2025-07-19T15:14:12.8226583Z [36;1m: create cachekey[0m
2025-07-19T15:14:12.8227081Z [36;1mDATE=$(rustc +stable --version --verbose | sed -ne 's/^commit-date: \(20[0-9][0-9]\)-\([01][0-9]\)-\([0-3][0-9]\)$/\1\2\3/p')[0m
2025-07-19T15:14:12.8227705Z [36;1mHASH=$(rustc +stable --version --verbose | sed -ne 's/^commit-hash: //p')[0m
2025-07-19T15:14:12.8228214Z [36;1mecho "cachekey=$(echo $DATE$HASH | head -c12)" >> $GITHUB_OUTPUT[0m
2025-07-19T15:14:12.8256944Z shell: /usr/bin/bash --noprofile --norc -e -o pipefail {0}
2025-07-19T15:14:12.8257308Z env:
2025-07-19T15:14:12.8257536Z   CARGO_HOME: /home/runner/.cargo
2025-07-19T15:14:12.8257810Z ##[endgroup]
2025-07-19T15:14:12.9049708Z ##[group]Run : disable incremental compilation
2025-07-19T15:14:12.9050115Z [36;1m: disable incremental compilation[0m
2025-07-19T15:14:12.9050469Z [36;1mif [ -z "${CARGO_INCREMENTAL+set}" ]; then[0m
2025-07-19T15:14:12.9050840Z [36;1m  echo CARGO_INCREMENTAL=0 >> $GITHUB_ENV[0m
2025-07-19T15:14:12.9051128Z [36;1mfi[0m
2025-07-19T15:14:12.9079714Z shell: /usr/bin/bash --noprofile --norc -e -o pipefail {0}
2025-07-19T15:14:12.9080087Z env:
2025-07-19T15:14:12.9080303Z   CARGO_HOME: /home/runner/.cargo
2025-07-19T15:14:12.9080574Z ##[endgroup]
2025-07-19T15:14:12.9149801Z ##[group]Run : enable colors in Cargo output
2025-07-19T15:14:12.9150188Z [36;1m: enable colors in Cargo output[0m
2025-07-19T15:14:12.9150512Z [36;1mif [ -z "${CARGO_TERM_COLOR+set}" ]; then[0m
2025-07-19T15:14:12.9150874Z [36;1m  echo CARGO_TERM_COLOR=always >> $GITHUB_ENV[0m
2025-07-19T15:14:12.9151181Z [36;1mfi[0m
2025-07-19T15:14:12.9177447Z shell: /usr/bin/bash --noprofile --norc -e -o pipefail {0}
2025-07-19T15:14:12.9177815Z env:
2025-07-19T15:14:12.9178043Z   CARGO_HOME: /home/runner/.cargo
2025-07-19T15:14:12.9178314Z   CARGO_INCREMENTAL: 0
2025-07-19T15:14:12.9178544Z ##[endgroup]
2025-07-19T15:14:12.9247090Z ##[group]Run : enable Cargo sparse registry
2025-07-19T15:14:12.9247456Z [36;1m: enable Cargo sparse registry[0m
2025-07-19T15:14:12.9247836Z [36;1m# implemented in 1.66, stabilized in 1.68, made default in 1.70[0m
2025-07-19T15:14:12.9248533Z [36;1mif [ -z "${CARGO_REGISTRIES_CRATES_IO_PROTOCOL+set}" -o -f "/home/runner/work/_temp"/.implicit_cargo_registries_crates_io_protocol ]; then[0m
2025-07-19T15:14:12.9249235Z [36;1m  if rustc +stable --version --verbose | grep -q '^release: 1\.6[89]\.'; then[0m
2025-07-19T15:14:12.9249791Z [36;1m    touch "/home/runner/work/_temp"/.implicit_cargo_registries_crates_io_protocol || true[0m
2025-07-19T15:14:12.9250308Z [36;1m    echo CARGO_REGISTRIES_CRATES_IO_PROTOCOL=sparse >> $GITHUB_ENV[0m
2025-07-19T15:14:12.9250797Z [36;1m  elif rustc +stable --version --verbose | grep -q '^release: 1\.6[67]\.'; then[0m
2025-07-19T15:14:12.9251350Z [36;1m    touch "/home/runner/work/_temp"/.implicit_cargo_registries_crates_io_protocol || true[0m
2025-07-19T15:14:12.9252032Z [36;1m    echo CARGO_REGISTRIES_CRATES_IO_PROTOCOL=git >> $GITHUB_ENV[0m
2025-07-19T15:14:12.9252408Z [36;1m  fi[0m
2025-07-19T15:14:12.9252616Z [36;1mfi[0m
2025-07-19T15:14:12.9278645Z shell: /usr/bin/bash --noprofile --norc -e -o pipefail {0}
2025-07-19T15:14:12.9279008Z env:
2025-07-19T15:14:12.9279228Z   CARGO_HOME: /home/runner/.cargo
2025-07-19T15:14:12.9279507Z   CARGO_INCREMENTAL: 0
2025-07-19T15:14:12.9279911Z   CARGO_TERM_COLOR: always
2025-07-19T15:14:12.9280160Z ##[endgroup]
2025-07-19T15:14:12.9635409Z ##[group]Run : work around spurious network errors in curl 8.0
2025-07-19T15:14:12.9636139Z [36;1m: work around spurious network errors in curl 8.0[0m
2025-07-19T15:14:12.9636916Z [36;1m# https://rust-lang.zulipchat.com/#narrow/stream/246057-t-cargo/topic/timeout.20investigation[0m
2025-07-19T15:14:12.9637544Z [36;1mif rustc +stable --version --verbose | grep -q '^release: 1\.7[01]\.'; then[0m
2025-07-19T15:14:12.9637991Z [36;1m  echo CARGO_HTTP_MULTIPLEXING=false >> $GITHUB_ENV[0m
2025-07-19T15:14:12.9638308Z [36;1mfi[0m
2025-07-19T15:14:12.9667614Z shell: /usr/bin/bash --noprofile --norc -e -o pipefail {0}
2025-07-19T15:14:12.9667977Z env:
2025-07-19T15:14:12.9668219Z   CARGO_HOME: /home/runner/.cargo
2025-07-19T15:14:12.9668493Z   CARGO_INCREMENTAL: 0
2025-07-19T15:14:12.9668740Z   CARGO_TERM_COLOR: always
2025-07-19T15:14:12.9668993Z ##[endgroup]
2025-07-19T15:14:12.9886757Z ##[group]Run rustc +stable --version --verbose
2025-07-19T15:14:12.9887152Z [36;1mrustc +stable --version --verbose[0m
2025-07-19T15:14:12.9915780Z shell: /usr/bin/bash --noprofile --norc -e -o pipefail {0}
2025-07-19T15:14:12.9916336Z env:
2025-07-19T15:14:12.9916562Z   CARGO_HOME: /home/runner/.cargo
2025-07-19T15:14:12.9916869Z   CARGO_INCREMENTAL: 0
2025-07-19T15:14:12.9917118Z   CARGO_TERM_COLOR: always
2025-07-19T15:14:12.9917359Z ##[endgroup]
2025-07-19T15:14:13.0086274Z rustc 1.88.0 (6b00bc388 2025-06-23)
2025-07-19T15:14:13.0087057Z binary: rustc
2025-07-19T15:14:13.0087724Z commit-hash: 6b00bc3880198600130e1cf62b8f8a93494488cc
2025-07-19T15:14:13.0088544Z commit-date: 2025-06-23
2025-07-19T15:14:13.0089184Z host: x86_64-unknown-linux-gnu
2025-07-19T15:14:13.0089740Z release: 1.88.0
2025-07-19T15:14:13.0090141Z LLVM version: 20.1.5
2025-07-19T15:14:13.0975282Z ##[group]Run actions/cache@v3
2025-07-19T15:14:13.0975626Z with:
2025-07-19T15:14:13.0976194Z   path: ~/.cargo/registry
~/.cargo/git
src-tauri/target

2025-07-19T15:14:13.0976817Z   key: Linux-cargo-1097df12ae0051c04fa6c9bcd1d52a0e82b071b0b7d5213798627f82fc68e673
2025-07-19T15:14:13.0977283Z   enableCrossOsArchive: false
2025-07-19T15:14:13.0977564Z   fail-on-cache-miss: false
2025-07-19T15:14:13.0977804Z   lookup-only: false
2025-07-19T15:14:13.0978026Z env:
2025-07-19T15:14:13.0978241Z   CARGO_HOME: /home/runner/.cargo
2025-07-19T15:14:13.0978515Z   CARGO_INCREMENTAL: 0
2025-07-19T15:14:13.0978754Z   CARGO_TERM_COLOR: always
2025-07-19T15:14:13.0979000Z ##[endgroup]
2025-07-19T15:14:13.3931525Z Cache not found for input keys: Linux-cargo-1097df12ae0051c04fa6c9bcd1d52a0e82b071b0b7d5213798627f82fc68e673
2025-07-19T15:14:13.4027286Z ##[group]Run cargo test
2025-07-19T15:14:13.4027574Z [36;1mcargo test[0m
2025-07-19T15:14:13.4058436Z shell: /usr/bin/bash -e {0}
2025-07-19T15:14:13.4058716Z env:
2025-07-19T15:14:13.4058933Z   CARGO_HOME: /home/runner/.cargo
2025-07-19T15:14:13.4059213Z   CARGO_INCREMENTAL: 0
2025-07-19T15:14:13.4059464Z   CARGO_TERM_COLOR: always
2025-07-19T15:14:13.4059710Z ##[endgroup]
2025-07-19T15:14:14.6034210Z [1m[32m    Updating[0m crates.io index
2025-07-19T15:14:15.9822353Z [1m[32m Downloading[0m crates ...
2025-07-19T15:14:16.1182681Z [1m[32m  Downloaded[0m async-broadcast v0.7.2
2025-07-19T15:14:16.1390844Z [1m[32m  Downloaded[0m alloc-no-stdlib v2.0.4
2025-07-19T15:14:16.1412985Z [1m[32m  Downloaded[0m adler2 v2.0.0
2025-07-19T15:14:16.1471034Z [1m[32m  Downloaded[0m alloc-stdlib v0.2.2
2025-07-19T15:14:16.1498387Z [1m[32m  Downloaded[0m async-trait v0.1.83
2025-07-19T15:14:16.1539457Z [1m[32m  Downloaded[0m async-fs v2.1.2
2025-07-19T15:14:16.1556970Z [1m[32m  Downloaded[0m powerfmt v0.2.0
2025-07-19T15:14:16.1599830Z [1m[32m  Downloaded[0m async-channel v2.3.1
2025-07-19T15:14:16.1620998Z [1m[32m  Downloaded[0m async-lock v3.4.0
2025-07-19T15:14:16.1720104Z [1m[32m  Downloaded[0m gdkx11 v0.18.2
2025-07-19T15:14:16.1758230Z [1m[32m  Downloaded[0m getrandom v0.2.15
2025-07-19T15:14:16.1802283Z [1m[32m  Downloaded[0m form_urlencoded v1.2.1
2025-07-19T15:14:16.1832737Z [1m[32m  Downloaded[0m precomputed-hash v0.1.1
2025-07-19T15:14:16.1863779Z [1m[32m  Downloaded[0m gdkwayland-sys v0.18.2
2025-07-19T15:14:16.1878203Z [1m[32m  Downloaded[0m equivalent v1.0.1
2025-07-19T15:14:16.1901586Z [1m[32m  Downloaded[0m getrandom v0.1.16
2025-07-19T15:14:16.2000267Z [1m[32m  Downloaded[0m rustc_version v0.4.1
2025-07-19T15:14:16.2048837Z [1m[32m  Downloaded[0m parking_lot v0.12.3
2025-07-19T15:14:16.2142510Z [1m[32m  Downloaded[0m phf_generator v0.8.0
2025-07-19T15:14:16.2171559Z [1m[32m  Downloaded[0m mac v0.1.1
2025-07-19T15:14:16.2199603Z [1m[32m  Downloaded[0m markup5ever v0.11.0
2025-07-19T15:14:16.2276230Z [1m[32m  Downloaded[0m url v2.5.4
2025-07-19T15:14:16.2362393Z [1m[32m  Downloaded[0m mime v0.3.17
2025-07-19T15:14:16.2399456Z [1m[32m  Downloaded[0m xdg-home v1.3.0
2025-07-19T15:14:16.2425587Z [1m[32m  Downloaded[0m zbus_macros v4.0.1
2025-07-19T15:14:16.2482298Z [1m[32m  Downloaded[0m yoke v0.7.5
2025-07-19T15:14:16.2537703Z [1m[32m  Downloaded[0m idna_adapter v1.2.0
2025-07-19T15:14:16.2567703Z [1m[32m  Downloaded[0m icu_locid_transform v1.5.0
2025-07-19T15:14:16.2610465Z [1m[32m  Downloaded[0m iana-time-zone v0.1.61
2025-07-19T15:14:16.2646180Z [1m[32m  Downloaded[0m zerofrom v0.1.5
2025-07-19T15:14:16.2664208Z [1m[32m  Downloaded[0m glib-sys v0.18.1
2025-07-19T15:14:16.2690038Z [1m[32m  Downloaded[0m glib-macros v0.18.5
2025-07-19T15:14:16.2723763Z [1m[32m  Downloaded[0m libc v0.2.169
2025-07-19T15:14:16.2986189Z [1m[32m  Downloaded[0m wry v0.47.2
2025-07-19T15:14:16.3061861Z [1m[32m  Downloaded[0m gobject-sys v0.18.0
2025-07-19T15:14:16.3080342Z [1m[32m  Downloaded[0m tauri v2.1.1
2025-07-19T15:14:16.3236652Z [1m[32m  Downloaded[0m glob v0.3.1
2025-07-19T15:14:16.3252343Z [1m[32m  Downloaded[0m nix v0.27.1
2025-07-19T15:14:16.3359983Z [1m[32m  Downloaded[0m winnow v0.5.40
2025-07-19T15:14:16.3451018Z [1m[32m  Downloaded[0m syn v2.0.91
2025-07-19T15:14:16.3558728Z [1m[32m  Downloaded[0m zerocopy-derive v0.7.35
2025-07-19T15:14:16.3608708Z [1m[32m  Downloaded[0m x11-dl v2.21.0
2025-07-19T15:14:16.3643227Z [1m[32m  Downloaded[0m x11 v2.21.0
2025-07-19T15:14:16.3678010Z [1m[32m  Downloaded[0m uuid v1.11.0
2025-07-19T15:14:16.3709166Z [1m[32m  Downloaded[0m typenum v1.17.0
2025-07-19T15:14:16.3736593Z [1m[32m  Downloaded[0m zbus_names v3.0.0
2025-07-19T15:14:16.3751701Z [1m[32m  Downloaded[0m icu_collections v1.5.0
2025-07-19T15:14:16.3814927Z [1m[32m  Downloaded[0m ico v0.3.0
2025-07-19T15:14:16.3850658Z [1m[32m  Downloaded[0m hyper v1.5.2
2025-07-19T15:14:16.3916722Z [1m[32m  Downloaded[0m tao v0.30.8
2025-07-19T15:14:16.4111654Z [1m[32m  Downloaded[0m html5ever v0.26.0
2025-07-19T15:14:16.4147842Z [1m[32m  Downloaded[0m gio v0.18.4
2025-07-19T15:14:16.4311122Z [1m[32m  Downloaded[0m gio-sys v0.18.1
2025-07-19T15:14:16.4336725Z [1m[32m  Downloaded[0m glib v0.18.5
2025-07-19T15:14:16.4444362Z [1m[32m  Downloaded[0m http v1.2.0
2025-07-19T15:14:16.4480801Z [1m[32m  Downloaded[0m zerocopy v0.7.35
2025-07-19T15:14:16.4663843Z [1m[32m  Downloaded[0m linux-raw-sys v0.4.14
2025-07-19T15:14:16.5044904Z [1m[32m  Downloaded[0m hyper-util v0.1.10
2025-07-19T15:14:16.5086572Z [1m[32m  Downloaded[0m indexmap v2.7.0
2025-07-19T15:14:16.5125388Z [1m[32m  Downloaded[0m zbus v4.0.1
2025-07-19T15:14:16.5188329Z [1m[32m  Downloaded[0m mio v1.0.3
2025-07-19T15:14:16.5246586Z [1m[32m  Downloaded[0m walkdir v2.5.0
2025-07-19T15:14:16.5264248Z [1m[32m  Downloaded[0m unic-char-property v0.9.0
2025-07-19T15:14:16.5276973Z [1m[32m  Downloaded[0m toml_edit v0.20.2
2025-07-19T15:14:16.5477747Z [1m[32m  Downloaded[0m toml_edit v0.19.15
2025-07-19T15:14:16.5670726Z [1m[32m  Downloaded[0m ipnet v2.10.1
2025-07-19T15:14:16.5686081Z [1m[32m  Downloaded[0m zvariant_utils v1.1.0
2025-07-19T15:14:16.5694780Z [1m[32m  Downloaded[0m zerofrom-derive v0.1.5
2025-07-19T15:14:16.5704085Z [1m[32m  Downloaded[0m webkit2gtk v2.0.1
2025-07-19T15:14:16.5778012Z [1m[32m  Downloaded[0m memchr v2.7.4
2025-07-19T15:14:16.5831113Z [1m[32m  Downloaded[0m syn v1.0.109
2025-07-19T15:14:16.6077816Z [1m[32m  Downloaded[0m gtk v0.18.2
2025-07-19T15:14:16.6330347Z [1m[32m  Downloaded[0m httparse v1.9.5
2025-07-19T15:14:16.6353481Z [1m[32m  Downloaded[0m http-body-util v0.1.2
2025-07-19T15:14:16.6369057Z [1m[32m  Downloaded[0m http-body v1.0.1
2025-07-19T15:14:16.6378235Z [1m[32m  Downloaded[0m infer v0.16.0
2025-07-19T15:14:16.6398941Z [1m[32m  Downloaded[0m tokio v1.42.0
2025-07-19T15:14:16.6803167Z [1m[32m  Downloaded[0m icu_normalizer v1.5.0
2025-07-19T15:14:16.6834919Z [1m[32m  Downloaded[0m icu_locid_transform_data v1.5.0
2025-07-19T15:14:16.6851444Z [1m[32m  Downloaded[0m icu_locid v1.5.0
2025-07-19T15:14:16.6900625Z [1m[32m  Downloaded[0m http-range v0.1.5
2025-07-19T15:14:16.6910305Z [1m[32m  Downloaded[0m is-wsl v0.4.0
2025-07-19T15:14:16.6920429Z [1m[32m  Downloaded[0m is-docker v0.2.0
2025-07-19T15:14:16.6930294Z [1m[32m  Downloaded[0m instant v0.1.13
2025-07-19T15:14:16.6942947Z [1m[32m  Downloaded[0m indexmap v1.9.3
2025-07-19T15:14:16.6973906Z [1m[32m  Downloaded[0m webkit2gtk-sys v2.0.1
2025-07-19T15:14:16.6991715Z [1m[32m  Downloaded[0m num-traits v0.2.19
2025-07-19T15:14:16.7017052Z [1m[32m  Downloaded[0m num-conv v0.1.0
2025-07-19T15:14:16.7024650Z [1m[32m  Downloaded[0m nodrop v0.1.14
2025-07-19T15:14:16.7032455Z [1m[32m  Downloaded[0m libappindicator-sys v0.9.0
2025-07-19T15:14:16.7039367Z [1m[32m  Downloaded[0m libappindicator v0.9.0
2025-07-19T15:14:16.7061750Z [1m[32m  Downloaded[0m jsonptr v0.6.3
2025-07-19T15:14:16.7086317Z [1m[32m  Downloaded[0m json-patch v3.0.1
2025-07-19T15:14:16.7107930Z [1m[32m  Downloaded[0m javascriptcore-rs-sys v1.1.1
2025-07-19T15:14:16.7119546Z [1m[32m  Downloaded[0m javascriptcore-rs v1.1.2
2025-07-19T15:14:16.7144329Z [1m[32m  Downloaded[0m itoa v1.0.14
2025-07-19T15:14:16.7157419Z [1m[32m  Downloaded[0m version_check v0.9.5
2025-07-19T15:14:16.7169141Z [1m[32m  Downloaded[0m version-compare v0.2.0
2025-07-19T15:14:16.7181659Z [1m[32m  Downloaded[0m unic-char-range v0.9.0
2025-07-19T15:14:16.7195275Z [1m[32m  Downloaded[0m tray-icon v0.19.2
2025-07-19T15:14:16.7229303Z [1m[32m  Downloaded[0m tracing v0.1.41
2025-07-19T15:14:16.7267484Z [1m[32m  Downloaded[0m time v0.3.37
2025-07-19T15:14:16.7338534Z [1m[32m  Downloaded[0m writeable v0.5.5
2025-07-19T15:14:16.7355819Z [1m[32m  Downloaded[0m write16 v1.0.0
2025-07-19T15:14:16.7364702Z [1m[32m  Downloaded[0m once_cell v1.20.2
2025-07-19T15:14:16.7389589Z [1m[32m  Downloaded[0m tokio-util v0.7.13
2025-07-19T15:14:16.7455130Z [1m[32m  Downloaded[0m yoke-derive v0.7.5
2025-07-19T15:14:16.7464509Z [1m[32m  Downloaded[0m matches v0.1.10
2025-07-19T15:14:16.7472419Z [1m[32m  Downloaded[0m keyboard-types v0.7.0
2025-07-19T15:14:16.7489473Z [1m[32m  Downloaded[0m itoa v0.4.8
2025-07-19T15:14:16.7503127Z [1m[32m  Downloaded[0m hex v0.4.3
2025-07-19T15:14:16.7519696Z [1m[32m  Downloaded[0m utf8_iter v1.0.4
2025-07-19T15:14:16.7529857Z [1m[32m  Downloaded[0m open v5.3.1
2025-07-19T15:14:16.7544338Z [1m[32m  Downloaded[0m tauri-utils v2.1.0
2025-07-19T15:14:16.7576354Z [1m[32m  Downloaded[0m target-lexicon v0.12.16
2025-07-19T15:14:16.7596292Z [1m[32m  Downloaded[0m system-deps v6.2.2
2025-07-19T15:14:16.7616854Z [1m[32m  Downloaded[0m string_cache_codegen v0.5.2
2025-07-19T15:14:16.7623801Z [1m[32m  Downloaded[0m soup3-sys v0.5.0
2025-07-19T15:14:16.7637329Z [1m[32m  Downloaded[0m socket2 v0.5.8
2025-07-19T15:14:16.7654598Z [1m[32m  Downloaded[0m smallvec v1.13.2
2025-07-19T15:14:16.7675415Z [1m[32m  Downloaded[0m simd-adler32 v0.3.7
2025-07-19T15:14:16.7692707Z [1m[32m  Downloaded[0m shlex v1.3.0
2025-07-19T15:14:16.7704999Z [1m[32m  Downloaded[0m sha2 v0.10.8
2025-07-19T15:14:16.7728513Z [1m[32m  Downloaded[0m servo_arc v0.1.1
2025-07-19T15:14:16.7733817Z [1m[32m  Downloaded[0m serde_with v3.11.0
2025-07-19T15:14:16.7813929Z [1m[32m  Downloaded[0m ryu v1.0.18
2025-07-19T15:14:16.7844309Z [1m[32m  Downloaded[0m want v0.3.1
2025-07-19T15:14:16.7853165Z [1m[32m  Downloaded[0m option-ext v0.2.0
2025-07-19T15:14:16.7860850Z [1m[32m  Downloaded[0m miniz_oxide v0.8.2
2025-07-19T15:14:16.7881070Z [1m[32m  Downloaded[0m libloading v0.7.4
2025-07-19T15:14:16.7902869Z [1m[32m  Downloaded[0m phf_shared v0.11.2
2025-07-19T15:14:16.7911229Z [1m[32m  Downloaded[0m phf_shared v0.8.0
2025-07-19T15:14:16.7917671Z [1m[32m  Downloaded[0m phf_codegen v0.8.0
2025-07-19T15:14:16.7922991Z [1m[32m  Downloaded[0m pathdiff v0.2.3
2025-07-19T15:14:16.7931797Z [1m[32m  Downloaded[0m pango-sys v0.18.0
2025-07-19T15:14:16.7945461Z [1m[32m  Downloaded[0m tower-service v0.3.3
2025-07-19T15:14:16.7953047Z [1m[32m  Downloaded[0m toml_datetime v0.6.3
2025-07-19T15:14:16.7961921Z [1m[32m  Downloaded[0m time-macros v0.2.19
2025-07-19T15:14:16.7981956Z [1m[32m  Downloaded[0m thiserror v1.0.69
2025-07-19T15:14:16.8036336Z [1m[32m  Downloaded[0m thin-slice v0.1.1
2025-07-19T15:14:16.8042049Z [1m[32m  Downloaded[0m tendril v0.4.3
2025-07-19T15:14:16.8060010Z [1m[32m  Downloaded[0m tauri-plugin-opener v2.2.2
2025-07-19T15:14:16.8091209Z [1m[32m  Downloaded[0m tauri-codegen v2.0.3
2025-07-19T15:14:16.8103784Z [1m[32m  Downloaded[0m tauri-build v2.0.3
2025-07-19T15:14:16.8117602Z [1m[32m  Downloaded[0m synstructure v0.13.1
2025-07-19T15:14:16.8127177Z [1m[32m  Downloaded[0m sync_wrapper v1.0.2
2025-07-19T15:14:16.8134528Z [1m[32m  Downloaded[0m strsim v0.11.1
2025-07-19T15:14:16.8146487Z [1m[32m  Downloaded[0m string_cache v0.8.7
2025-07-19T15:14:16.8161323Z [1m[32m  Downloaded[0m static_assertions v1.1.0
2025-07-19T15:14:16.8174553Z [1m[32m  Downloaded[0m stable_deref_trait v1.2.0
2025-07-19T15:14:16.8182255Z [1m[32m  Downloaded[0m soup3 v0.5.0
2025-07-19T15:14:16.8221587Z [1m[32m  Downloaded[0m slab v0.4.9
2025-07-19T15:14:16.8233470Z [1m[32m  Downloaded[0m siphasher v0.3.11
2025-07-19T15:14:16.8245069Z [1m[32m  Downloaded[0m sha1 v0.10.6
2025-07-19T15:14:16.8260403Z [1m[32m  Downloaded[0m scopeguard v1.2.0
2025-07-19T15:14:16.8271686Z [1m[32m  Downloaded[0m schemars_derive v0.8.21
2025-07-19T15:14:16.8285670Z [1m[32m  Downloaded[0m rand_pcg v0.2.1
2025-07-19T15:14:16.8297911Z [1m[32m  Downloaded[0m typeid v1.0.2
2025-07-19T15:14:16.8309301Z [1m[32m  Downloaded[0m try-lock v0.2.5
2025-07-19T15:14:16.8317433Z [1m[32m  Downloaded[0m pin-utils v0.1.0
2025-07-19T15:14:16.8328588Z [1m[32m  Downloaded[0m pin-project-lite v0.2.15
2025-07-19T15:14:16.8382692Z [1m[32m  Downloaded[0m phf_shared v0.10.0
2025-07-19T15:14:16.8388514Z [1m[32m  Downloaded[0m phf_codegen v0.10.0
2025-07-19T15:14:16.8393660Z [1m[32m  Downloaded[0m phf v0.11.2
2025-07-19T15:14:16.8404842Z [1m[32m  Downloaded[0m phf v0.10.1
2025-07-19T15:14:16.8412898Z [1m[32m  Downloaded[0m phf v0.8.0
2025-07-19T15:14:16.8419958Z [1m[32m  Downloaded[0m percent-encoding v2.3.1
2025-07-19T15:14:16.8427074Z [1m[32m  Downloaded[0m pango v0.18.3
2025-07-19T15:14:16.8470785Z [1m[32m  Downloaded[0m ordered-stream v0.2.0
2025-07-19T15:14:16.8482312Z [1m[32m  Downloaded[0m idna v1.0.3
2025-07-19T15:14:16.8515430Z [1m[32m  Downloaded[0m icu_properties_data v1.5.0
2025-07-19T15:14:16.8620468Z [1m[32m  Downloaded[0m hashbrown v0.15.2
2025-07-19T15:14:16.8667734Z [1m[32m  Downloaded[0m hashbrown v0.12.3
2025-07-19T15:14:16.8703978Z [1m[32m  Downloaded[0m gtk-sys v0.18.2
2025-07-19T15:14:16.8738464Z [1m[32m  Downloaded[0m zvariant v4.0.0
2025-07-19T15:14:16.8777396Z [1m[32m  Downloaded[0m zerovec v0.10.4
2025-07-19T15:14:16.8833073Z [1m[32m  Downloaded[0m unicode-segmentation v1.12.0
2025-07-19T15:14:16.8861704Z [1m[32m  Downloaded[0m muda v0.15.3
2025-07-19T15:14:16.8909490Z [1m[32m  Downloaded[0m trash v5.2.1
2025-07-19T15:14:16.8926159Z [1m[32m  Downloaded[0m tracing-core v0.1.33
2025-07-19T15:14:16.8951849Z [1m[32m  Downloaded[0m tracing-attributes v0.1.28
2025-07-19T15:14:16.8973093Z [1m[32m  Downloaded[0m toml v0.8.2
2025-07-19T15:14:16.9003220Z [1m[32m  Downloaded[0m toml v0.7.8
2025-07-19T15:14:16.9033516Z [1m[32m  Downloaded[0m tinystr v0.7.6
2025-07-19T15:14:16.9051844Z [1m[32m  Downloaded[0m time-core v0.1.2
2025-07-19T15:14:16.9059985Z [1m[32m  Downloaded[0m thiserror-impl v2.0.9
2025-07-19T15:14:16.9073597Z [1m[32m  Downloaded[0m thiserror-impl v1.0.69
2025-07-19T15:14:16.9086272Z [1m[32m  Downloaded[0m thiserror v2.0.9
2025-07-19T15:14:16.9147787Z [1m[32m  Downloaded[0m tauri-winres v0.1.1
2025-07-19T15:14:16.9161955Z [1m[32m  Downloaded[0m tauri-runtime-wry v2.2.0
2025-07-19T15:14:16.9178641Z [1m[32m  Downloaded[0m tauri-runtime v2.2.0
2025-07-19T15:14:16.9190635Z [1m[32m  Downloaded[0m tauri-plugin v2.0.3
2025-07-19T15:14:16.9199889Z [1m[32m  Downloaded[0m tauri-macros v2.0.3
2025-07-19T15:14:16.9212425Z [1m[32m  Downloaded[0m serialize-to-javascript-impl v0.1.1
2025-07-19T15:14:16.9220395Z [1m[32m  Downloaded[0m serialize-to-javascript v0.1.1
2025-07-19T15:14:16.9230667Z [1m[32m  Downloaded[0m serde_urlencoded v0.7.1
2025-07-19T15:14:16.9246231Z [1m[32m  Downloaded[0m serde_spanned v0.6.8
2025-07-19T15:14:16.9255805Z [1m[32m  Downloaded[0m serde_json v1.0.134
2025-07-19T15:14:16.9327107Z [1m[32m  Downloaded[0m rustix v0.38.42
2025-07-19T15:14:16.9584485Z [1m[32m  Downloaded[0m regex-syntax v0.8.5
2025-07-19T15:14:16.9651460Z [1m[32m  Downloaded[0m regex-automata v0.4.9
2025-07-19T15:14:16.9801047Z [1m[32m  Downloaded[0m reqwest v0.12.9
2025-07-19T15:14:16.9875208Z [1m[32m  Downloaded[0m log v0.4.22
2025-07-19T15:14:16.9897049Z [1m[32m  Downloaded[0m lock_api v0.4.12
2025-07-19T15:14:16.9909340Z [1m[32m  Downloaded[0m litemap v0.7.4
2025-07-19T15:14:16.9930237Z [1m[32m  Downloaded[0m serde_with_macros v3.11.0
2025-07-19T15:14:16.9947437Z [1m[32m  Downloaded[0m lazy_static v1.5.0
2025-07-19T15:14:16.9964440Z [1m[32m  Downloaded[0m kuchikiki v0.8.2
2025-07-19T15:14:16.9986353Z [1m[32m  Downloaded[0m ident_case v1.0.1
2025-07-19T15:14:16.9994037Z [1m[32m  Downloaded[0m icu_provider_macros v1.5.0
2025-07-19T15:14:17.0001735Z [1m[32m  Downloaded[0m icu_provider v1.5.0
2025-07-19T15:14:17.0026815Z [1m[32m  Downloaded[0m icu_properties v1.5.1
2025-07-19T15:14:17.0049059Z [1m[32m  Downloaded[0m icu_normalizer_data v1.5.0
2025-07-19T15:14:17.0066781Z [1m[32m  Downloaded[0m heck v0.5.0
2025-07-19T15:14:17.0078770Z [1m[32m  Downloaded[0m heck v0.4.1
2025-07-19T15:14:17.0091085Z [1m[32m  Downloaded[0m gtk3-macros v0.18.2
2025-07-19T15:14:17.0099729Z [1m[32m  Downloaded[0m zvariant_derive v4.0.0
2025-07-19T15:14:17.0110933Z [1m[32m  Downloaded[0m zerovec-derive v0.10.3
2025-07-19T15:14:17.0124698Z [1m[32m  Downloaded[0m utf16_iter v1.0.5
2025-07-19T15:14:17.0134149Z [1m[32m  Downloaded[0m utf-8 v0.7.6
2025-07-19T15:14:17.0145271Z [1m[32m  Downloaded[0m urlpattern v0.3.0
2025-07-19T15:14:17.0163678Z [1m[32m  Downloaded[0m urlencoding v2.1.3
2025-07-19T15:14:17.0173241Z [1m[32m  Downloaded[0m unicode-ident v1.0.14
2025-07-19T15:14:17.0200719Z [1m[32m  Downloaded[0m unic-ucd-version v0.9.0
2025-07-19T15:14:17.0209666Z [1m[32m  Downloaded[0m unic-ucd-ident v0.9.0
2025-07-19T15:14:17.0226574Z [1m[32m  Downloaded[0m unic-common v0.9.0
2025-07-19T15:14:17.0233499Z [1m[32m  Downloaded[0m phf_macros v0.11.2
2025-07-19T15:14:17.0240342Z [1m[32m  Downloaded[0m phf_macros v0.8.0
2025-07-19T15:14:17.0252360Z [1m[32m  Downloaded[0m phf_generator v0.11.2
2025-07-19T15:14:17.0263175Z [1m[32m  Downloaded[0m phf_generator v0.10.0
2025-07-19T15:14:17.0272185Z [1m[32m  Downloaded[0m parking_lot_core v0.9.10
2025-07-19T15:14:17.0292448Z [1m[32m  Downloaded[0m serde-untagged v0.1.6
2025-07-19T15:14:17.0307324Z [1m[32m  Downloaded[0m serde v1.0.216
2025-07-19T15:14:17.0336306Z [1m[32m  Downloaded[0m semver v1.0.24
2025-07-19T15:14:17.0359147Z [1m[32m  Downloaded[0m schemars v0.8.21
2025-07-19T15:14:17.0484997Z [1m[32m  Downloaded[0m regex v1.11.1
2025-07-19T15:14:17.0619669Z [1m[32m  Downloaded[0m raw-window-handle v0.6.2
2025-07-19T15:14:17.0636609Z [1m[32m  Downloaded[0m png v0.17.16
2025-07-19T15:14:17.0674095Z [1m[32m  Downloaded[0m cc v1.2.5
2025-07-19T15:14:17.0708073Z [1m[32m  Downloaded[0m bytes v1.9.0
2025-07-19T15:14:17.0745356Z [1m[32m  Downloaded[0m brotli v7.0.0
2025-07-19T15:14:17.0967321Z [1m[32m  Downloaded[0m serde_repr v0.1.19
2025-07-19T15:14:17.0986922Z [1m[32m  Downloaded[0m serde_derive_internals v0.29.1
2025-07-19T15:14:17.1001032Z [1m[32m  Downloaded[0m serde_derive v1.0.216
2025-07-19T15:14:17.1025072Z [1m[32m  Downloaded[0m selectors v0.22.0
2025-07-19T15:14:17.1041335Z [1m[32m  Downloaded[0m same-file v1.0.6
2025-07-19T15:14:17.1053937Z [1m[32m  Downloaded[0m rand_core v0.6.4
2025-07-19T15:14:17.1066490Z [1m[32m  Downloaded[0m parking v2.2.1
2025-07-19T15:14:17.1076563Z [1m[32m  Downloaded[0m new_debug_unreachable v1.0.6
2025-07-19T15:14:17.1086359Z [1m[32m  Downloaded[0m memoffset v0.9.1
2025-07-19T15:14:17.1097693Z [1m[32m  Downloaded[0m rand v0.8.5
2025-07-19T15:14:17.1130757Z [1m[32m  Downloaded[0m rand v0.7.3
2025-07-19T15:14:17.1178820Z [1m[32m  Downloaded[0m quote v1.0.37
2025-07-19T15:14:17.1203427Z [1m[32m  Downloaded[0m proc-macro2 v1.0.92
2025-07-19T15:14:17.1229033Z [1m[32m  Downloaded[0m proc-macro-error v1.0.4
2025-07-19T15:14:17.1262728Z [1m[32m  Downloaded[0m proc-macro-crate v2.0.2
2025-07-19T15:14:17.1275173Z [1m[32m  Downloaded[0m ppv-lite86 v0.2.20
2025-07-19T15:14:17.1287984Z [1m[32m  Downloaded[0m polling v3.7.4
2025-07-19T15:14:17.1317523Z [1m[32m  Downloaded[0m pkg-config v0.3.31
2025-07-19T15:14:17.1331880Z [1m[32m  Downloaded[0m piper v0.2.4
2025-07-19T15:14:17.1346105Z [1m[32m  Downloaded[0m gdk-sys v0.18.2
2025-07-19T15:14:17.1366420Z [1m[32m  Downloaded[0m gdk v0.18.2
2025-07-19T15:14:17.1424156Z [1m[32m  Downloaded[0m futures-util v0.3.31
2025-07-19T15:14:17.1551863Z [1m[32m  Downloaded[0m futures-task v0.3.31
2025-07-19T15:14:17.1562513Z [1m[32m  Downloaded[0m flate2 v1.0.35
2025-07-19T15:14:17.1612779Z [1m[32m  Downloaded[0m field-offset v0.3.6
2025-07-19T15:14:17.1623161Z [1m[32m  Downloaded[0m errno v0.3.10
2025-07-19T15:14:17.1636909Z [1m[32m  Downloaded[0m enumflags2 v0.7.10
2025-07-19T15:14:17.1648912Z [1m[32m  Downloaded[0m dtoa v1.0.9
2025-07-19T15:14:17.1662806Z [1m[32m  Downloaded[0m dlopen2 v0.7.0
2025-07-19T15:14:17.1695155Z [1m[32m  Downloaded[0m digest v0.10.7
2025-07-19T15:14:17.1712425Z [1m[32m  Downloaded[0m derivative v2.2.0
2025-07-19T15:14:17.1789076Z [1m[32m  Downloaded[0m deranged v0.3.11
2025-07-19T15:14:17.1799917Z [1m[32m  Downloaded[0m darling_macro v0.20.10
2025-07-19T15:14:17.1805749Z [1m[32m  Downloaded[0m darling_core v0.20.10
2025-07-19T15:14:17.1854518Z [1m[32m  Downloaded[0m ctor v0.2.9
2025-07-19T15:14:17.1864165Z [1m[32m  Downloaded[0m crossbeam-channel v0.5.14
2025-07-19T15:14:17.1903258Z [1m[32m  Downloaded[0m cpufeatures v0.2.16
2025-07-19T15:14:17.1916190Z [1m[32m  Downloaded[0m cookie v0.18.1
2025-07-19T15:14:17.1939570Z [1m[32m  Downloaded[0m convert_case v0.4.0
2025-07-19T15:14:17.1947775Z [1m[32m  Downloaded[0m cfg-if v1.0.0
2025-07-19T15:14:17.1958180Z [1m[32m  Downloaded[0m cargo-platform v0.1.9
2025-07-19T15:14:17.1971267Z [1m[32m  Downloaded[0m camino v1.1.9
2025-07-19T15:14:17.1988628Z [1m[32m  Downloaded[0m cairo-sys-rs v0.18.2
2025-07-19T15:14:17.1998768Z [1m[32m  Downloaded[0m byteorder v1.5.0
2025-07-19T15:14:17.2014212Z [1m[32m  Downloaded[0m brotli-decompressor v4.0.1
2025-07-19T15:14:17.2072518Z [1m[32m  Downloaded[0m block-buffer v0.10.4
2025-07-19T15:14:17.2082592Z [1m[32m  Downloaded[0m bitflags v2.6.0
2025-07-19T15:14:17.2121365Z [1m[32m  Downloaded[0m bitflags v1.3.2
2025-07-19T15:14:17.2152874Z [1m[32m  Downloaded[0m base64 v0.22.1
2025-07-19T15:14:17.2190450Z [1m[32m  Downloaded[0m autocfg v1.4.0
2025-07-19T15:14:17.2208552Z [1m[32m  Downloaded[0m rand_core v0.5.1
2025-07-19T15:14:17.2221055Z [1m[32m  Downloaded[0m rand_chacha v0.3.1
2025-07-19T15:14:17.2231768Z [1m[32m  Downloaded[0m rand_chacha v0.2.2
2025-07-19T15:14:17.2241898Z [1m[32m  Downloaded[0m proc-macro-hack v0.5.20+deprecated
2025-07-19T15:14:17.2261310Z [1m[32m  Downloaded[0m proc-macro-error-attr v1.0.4
2025-07-19T15:14:17.2270084Z [1m[32m  Downloaded[0m proc-macro-crate v1.3.1
2025-07-19T15:14:17.2280171Z [1m[32m  Downloaded[0m generic-array v0.14.7
2025-07-19T15:14:17.2293540Z [1m[32m  Downloaded[0m gdkx11-sys v0.18.2
2025-07-19T15:14:17.2302407Z [1m[32m  Downloaded[0m gdk-pixbuf v0.18.5
2025-07-19T15:14:17.2323717Z [1m[32m  Downloaded[0m fxhash v0.2.1
2025-07-19T15:14:17.2330183Z [1m[32m  Downloaded[0m futures-sink v0.3.31
2025-07-19T15:14:17.2337663Z [1m[32m  Downloaded[0m futures-macro v0.3.31
2025-07-19T15:14:17.2346958Z [1m[32m  Downloaded[0m futures-io v0.3.31
2025-07-19T15:14:17.2354452Z [1m[32m  Downloaded[0m futures-executor v0.3.31
2025-07-19T15:14:17.2367307Z [1m[32m  Downloaded[0m event-listener-strategy v0.5.3
2025-07-19T15:14:17.2376906Z [1m[32m  Downloaded[0m erased-serde v0.4.5
2025-07-19T15:14:17.2398415Z [1m[32m  Downloaded[0m endi v1.1.0
2025-07-19T15:14:17.2408704Z [1m[32m  Downloaded[0m dyn-clone v1.0.17
2025-07-19T15:14:17.2424552Z [1m[32m  Downloaded[0m dpi v0.1.1
2025-07-19T15:14:17.2432392Z [1m[32m  Downloaded[0m dlopen2_derive v0.4.0
2025-07-19T15:14:17.2440240Z [1m[32m  Downloaded[0m darling v0.20.10
2025-07-19T15:14:17.2482437Z [1m[32m  Downloaded[0m crypto-common v0.1.6
2025-07-19T15:14:17.2490649Z [1m[32m  Downloaded[0m concurrent-queue v2.5.0
2025-07-19T15:14:17.2506370Z [1m[32m  Downloaded[0m chrono v0.4.39
2025-07-19T15:14:17.2568885Z [1m[32m  Downloaded[0m futures-core v0.3.31
2025-07-19T15:14:17.2581107Z [1m[32m  Downloaded[0m fnv v1.0.7
2025-07-19T15:14:17.2589104Z [1m[32m  Downloaded[0m fdeflate v0.3.7
2025-07-19T15:14:17.2604437Z [1m[32m  Downloaded[0m dirs v5.0.1
2025-07-19T15:14:17.2616182Z [1m[32m  Downloaded[0m blocking v1.6.1
2025-07-19T15:14:17.2628642Z [1m[32m  Downloaded[0m futures-lite v2.5.0
2025-07-19T15:14:17.2643558Z [1m[32m  Downloaded[0m enumflags2_derive v0.7.10
2025-07-19T15:14:17.2650561Z [1m[32m  Downloaded[0m dtoa-short v0.3.5
2025-07-19T15:14:17.2657625Z [1m[32m  Downloaded[0m dirs-sys v0.4.1
2025-07-19T15:14:17.2668847Z [1m[32m  Downloaded[0m crc32fast v1.4.2
2025-07-19T15:14:17.2685625Z [1m[32m  Downloaded[0m cargo_metadata v0.18.1
2025-07-19T15:14:17.2702406Z [1m[32m  Downloaded[0m futf v0.1.5
2025-07-19T15:14:17.2711787Z [1m[32m  Downloaded[0m event-listener v5.3.1
2025-07-19T15:14:17.2731381Z [1m[32m  Downloaded[0m derive_more v0.99.18
2025-07-19T15:14:17.2778009Z [1m[32m  Downloaded[0m cssparser v0.27.2
2025-07-19T15:14:17.2801503Z [1m[32m  Downloaded[0m crossbeam-utils v0.8.21
2025-07-19T15:14:17.2826891Z [1m[32m  Downloaded[0m atk-sys v0.18.2
2025-07-19T15:14:17.2840166Z [1m[32m  Downloaded[0m fastrand v2.3.0
2025-07-19T15:14:17.2852087Z [1m[32m  Downloaded[0m cssparser-macros v0.6.1
2025-07-19T15:14:17.2858284Z [1m[32m  Downloaded[0m cairo-rs v0.18.5
2025-07-19T15:14:17.2889339Z [1m[32m  Downloaded[0m futures-channel v0.3.31
2025-07-19T15:14:17.2906502Z [1m[32m  Downloaded[0m dunce v1.0.5
2025-07-19T15:14:17.2915309Z [1m[32m  Downloaded[0m displaydoc v0.2.5
2025-07-19T15:14:17.2944343Z [1m[32m  Downloaded[0m cfg-expr v0.15.8
2025-07-19T15:14:17.2972358Z [1m[32m  Downloaded[0m cfb v0.7.3
2025-07-19T15:14:17.3008327Z [1m[32m  Downloaded[0m cargo_toml v0.17.2
2025-07-19T15:14:17.3018995Z [1m[32m  Downloaded[0m atomic-waker v1.1.2
2025-07-19T15:14:17.3030055Z [1m[32m  Downloaded[0m async-io v2.4.0
2025-07-19T15:14:17.3057255Z [1m[32m  Downloaded[0m anyhow v1.0.95
2025-07-19T15:14:17.3096834Z [1m[32m  Downloaded[0m aho-corasick v1.1.3
2025-07-19T15:14:17.3147441Z [1m[32m  Downloaded[0m gdk-pixbuf-sys v0.18.0
2025-07-19T15:14:17.3159012Z [1m[32m  Downloaded[0m embed-resource v2.5.1
2025-07-19T15:14:17.3174569Z [1m[32m  Downloaded[0m atk v0.18.2
2025-07-19T15:14:17.3207963Z [1m[32m  Downloaded[0m async-task v4.7.1
2025-07-19T15:14:17.3232227Z [1m[32m  Downloaded[0m async-executor v1.13.1
2025-07-19T15:14:17.8325027Z [1m[32m   Compiling[0m proc-macro2 v1.0.92
2025-07-19T15:14:17.8326365Z [1m[32m   Compiling[0m unicode-ident v1.0.14
2025-07-19T15:14:17.8326988Z [1m[32m   Compiling[0m serde v1.0.216
2025-07-19T15:14:17.8327367Z [1m[32m   Compiling[0m hashbrown v0.15.2
2025-07-19T15:14:20.3125241Z [1m[32m   Compiling[0m equivalent v1.0.1
2025-07-19T15:14:20.3436287Z [1m[32m   Compiling[0m winnow v0.5.40
2025-07-19T15:14:20.6479587Z [1m[32m   Compiling[0m indexmap v2.7.0
2025-07-19T15:14:20.9968643Z [1m[32m   Compiling[0m smallvec v1.13.2
2025-07-19T15:14:21.1191169Z [1m[32m   Compiling[0m cfg-if v1.0.0
2025-07-19T15:14:21.1484401Z [1m[32m   Compiling[0m autocfg v1.4.0
2025-07-19T15:14:21.2483271Z [1m[32m   Compiling[0m pkg-config v0.3.31
2025-07-19T15:14:21.7462119Z [1m[32m   Compiling[0m heck v0.5.0
2025-07-19T15:14:21.8387389Z [1m[32m   Compiling[0m quote v1.0.37
2025-07-19T15:14:21.9619938Z [1m[32m   Compiling[0m target-lexicon v0.12.16
2025-07-19T15:14:22.0710690Z [1m[32m   Compiling[0m syn v2.0.91
2025-07-19T15:14:22.1177146Z [1m[32m   Compiling[0m libc v0.2.169
2025-07-19T15:14:22.6070777Z [1m[32m   Compiling[0m cfg-expr v0.15.8
2025-07-19T15:14:22.6585370Z [1m[32m   Compiling[0m version-compare v0.2.0
2025-07-19T15:14:23.0527264Z [1m[32m   Compiling[0m syn v1.0.109
2025-07-19T15:14:23.3123678Z [1m[32m   Compiling[0m once_cell v1.20.2
2025-07-19T15:14:24.0437785Z [1m[32m   Compiling[0m memchr v2.7.4
2025-07-19T15:14:24.4978017Z [1m[32m   Compiling[0m byteorder v1.5.0
2025-07-19T15:14:24.6974474Z [1m[32m   Compiling[0m siphasher v0.3.11
2025-07-19T15:14:24.8353200Z [1m[32m   Compiling[0m stable_deref_trait v1.2.0
2025-07-19T15:14:24.8688420Z [1m[32m   Compiling[0m version_check v0.9.5
2025-07-19T15:14:25.0380256Z [1m[32m   Compiling[0m pin-project-lite v0.2.15
2025-07-19T15:14:25.0830190Z [1m[32m   Compiling[0m getrandom v0.2.15
2025-07-19T15:14:25.0864714Z [1m[32m   Compiling[0m futures-core v0.3.31
2025-07-19T15:14:25.1893937Z [1m[32m   Compiling[0m thiserror v1.0.69
2025-07-19T15:14:25.2205222Z [1m[32m   Compiling[0m itoa v1.0.14
2025-07-19T15:14:25.4352616Z [1m[32m   Compiling[0m synstructure v0.13.1
2025-07-19T15:14:25.5309591Z [1m[32m   Compiling[0m fnv v1.0.7
2025-07-19T15:14:25.5751820Z [1m[32m   Compiling[0m getrandom v0.1.16
2025-07-19T15:14:25.7822856Z [1m[32m   Compiling[0m writeable v0.5.5
2025-07-19T15:14:25.9647872Z [1m[32m   Compiling[0m litemap v0.7.4
2025-07-19T15:14:26.1260606Z [1m[32m   Compiling[0m rand_core v0.6.4
2025-07-19T15:14:26.2293806Z [1m[32m   Compiling[0m futures-io v0.3.31
2025-07-19T15:14:26.2802444Z [1m[32m   Compiling[0m rand_core v0.5.1
2025-07-19T15:14:26.3254206Z [1m[32m   Compiling[0m icu_locid_transform_data v1.5.0
2025-07-19T15:14:26.3684752Z [1m[32m   Compiling[0m phf_shared v0.10.0
2025-07-19T15:14:26.4167911Z [1m[32m   Compiling[0m lock_api v0.4.12
2025-07-19T15:14:26.5412533Z [1m[32m   Compiling[0m slab v0.4.9
2025-07-19T15:14:26.5949724Z [1m[32m   Compiling[0m icu_properties_data v1.5.0
2025-07-19T15:14:26.7029296Z [1m[32m   Compiling[0m parking_lot_core v0.9.10
2025-07-19T15:14:26.8248770Z [1m[32m   Compiling[0m rand_pcg v0.2.1
2025-07-19T15:14:26.9016379Z [1m[32m   Compiling[0m utf8_iter v1.0.4
2025-07-19T15:14:26.9232418Z [1m[32m   Compiling[0m semver v1.0.24
2025-07-19T15:14:26.9861157Z [1m[32m   Compiling[0m icu_normalizer_data v1.5.0
2025-07-19T15:14:27.0239142Z [1m[32m   Compiling[0m utf16_iter v1.0.5
2025-07-19T15:14:27.0882048Z [1m[32m   Compiling[0m write16 v1.0.0
2025-07-19T15:14:27.1503922Z [1m[32m   Compiling[0m phf_shared v0.8.0
2025-07-19T15:14:27.1919298Z [1m[32m   Compiling[0m serde_derive v1.0.216
2025-07-19T15:14:27.2338417Z [1m[32m   Compiling[0m zerocopy-derive v0.7.35
2025-07-19T15:14:27.2728468Z [1m[32m   Compiling[0m zerofrom-derive v0.1.5
2025-07-19T15:14:28.2607547Z [1m[32m   Compiling[0m zerocopy v0.7.35
2025-07-19T15:14:28.4879213Z [1m[32m   Compiling[0m yoke-derive v0.7.5
2025-07-19T15:14:28.7416230Z [1m[32m   Compiling[0m zerofrom v0.1.5
2025-07-19T15:14:28.8320990Z [1m[32m   Compiling[0m zerovec-derive v0.10.3
2025-07-19T15:14:28.9557130Z [1m[32m   Compiling[0m ppv-lite86 v0.2.20
2025-07-19T15:14:29.4830475Z [1m[32m   Compiling[0m thiserror-impl v1.0.69
2025-07-19T15:14:29.6508629Z [1m[32m   Compiling[0m yoke v0.7.5
2025-07-19T15:14:29.8372332Z [1m[32m   Compiling[0m displaydoc v0.2.5
2025-07-19T15:14:30.0077028Z [1m[32m   Compiling[0m zerovec v0.10.4
2025-07-19T15:14:30.8429470Z [1m[32m   Compiling[0m icu_provider_macros v1.5.0
2025-07-19T15:14:31.1775265Z [1m[32m   Compiling[0m tinystr v0.7.6
2025-07-19T15:14:31.3251339Z [1m[32m   Compiling[0m icu_locid v1.5.0
2025-07-19T15:14:31.3545245Z [1m[32m   Compiling[0m rand_chacha v0.3.1
2025-07-19T15:14:32.1480620Z [1m[32m   Compiling[0m icu_provider v1.5.0
2025-07-19T15:14:32.4451250Z [1m[32m   Compiling[0m rand v0.8.5
2025-07-19T15:14:32.6318962Z [1m[32m   Compiling[0m icu_locid_transform v1.5.0
2025-07-19T15:14:32.9090225Z [1m[32m   Compiling[0m toml_datetime v0.6.3
2025-07-19T15:14:33.0842764Z [1m[32m   Compiling[0m serde_spanned v0.6.8
2025-07-19T15:14:33.0889285Z [1m[32m   Compiling[0m icu_collections v1.5.0
2025-07-19T15:14:33.1423538Z [1m[32m   Compiling[0m rand_chacha v0.2.2
2025-07-19T15:14:33.1633284Z [1m[32m   Compiling[0m toml_edit v0.20.2
2025-07-19T15:14:33.5080009Z [1m[32m   Compiling[0m icu_properties v1.5.1
2025-07-19T15:14:33.7041018Z [1m[32m   Compiling[0m rand v0.7.3
2025-07-19T15:14:34.2315853Z [1m[32m   Compiling[0m futures-sink v0.3.31
2025-07-19T15:14:34.2865326Z [1m[32m   Compiling[0m log v0.4.22
2025-07-19T15:14:34.4192543Z [1m[32m   Compiling[0m phf_generator v0.8.0
2025-07-19T15:14:34.4746478Z [1m[32m   Compiling[0m ryu v1.0.18
2025-07-19T15:14:34.4792121Z [1m[32m   Compiling[0m phf_generator v0.10.0
2025-07-19T15:14:34.5380806Z [1m[32m   Compiling[0m futures-macro v0.3.31
2025-07-19T15:14:34.6126749Z [1m[32m   Compiling[0m proc-macro-hack v0.5.20+deprecated
2025-07-19T15:14:34.8250304Z [1m[32m   Compiling[0m toml v0.8.2
2025-07-19T15:14:35.4615140Z [1m[32m   Compiling[0m system-deps v6.2.2
2025-07-19T15:14:35.5325245Z [1m[32m   Compiling[0m pin-utils v0.1.0
2025-07-19T15:14:35.5665820Z [1m[32m   Compiling[0m bitflags v1.3.2
2025-07-19T15:14:35.6010903Z [1m[32m   Compiling[0m futures-task v0.3.31
2025-07-19T15:14:35.6986800Z [1m[32m   Compiling[0m new_debug_unreachable v1.0.6
2025-07-19T15:14:35.7308511Z [1m[32m   Compiling[0m precomputed-hash v0.1.1
2025-07-19T15:14:35.7664703Z [1m[32m   Compiling[0m futures-util v0.3.31
2025-07-19T15:14:35.9072788Z [1m[32m   Compiling[0m bitflags v2.6.0
2025-07-19T15:14:36.1700549Z [1m[32m   Compiling[0m phf_codegen v0.10.0
2025-07-19T15:14:36.2472146Z [1m[32m   Compiling[0m string_cache_codegen v0.5.2
2025-07-19T15:14:36.5699526Z [1m[32m   Compiling[0m toml_edit v0.19.15
2025-07-19T15:14:36.7348547Z [1m[32m   Compiling[0m proc-macro-error-attr v1.0.4
2025-07-19T15:14:36.8992500Z [1m[32m   Compiling[0m mac v0.1.1
2025-07-19T15:14:36.9351702Z [1m[32m   Compiling[0m futf v0.1.5
2025-07-19T15:14:37.0017264Z [1m[32m   Compiling[0m glib-sys v0.18.1
2025-07-19T15:14:37.0069508Z [1m[32m   Compiling[0m gobject-sys v0.18.0
2025-07-19T15:14:37.8489078Z [1m[33mwarning[0m[1m:[0m glib-sys@0.18.1: 
2025-07-19T15:14:37.8492617Z [1m[31merror[0m[1m:[0m failed to run custom build command for `glib-sys v0.18.1`
2025-07-19T15:14:37.8500312Z 
2025-07-19T15:14:37.8500726Z Caused by:
2025-07-19T15:14:37.8502222Z   process didn't exit successfully: `/home/runner/work/full-scope/full-scope/src-tauri/target/debug/build/glib-sys-68c5e5158ed91ed4/build-script-build` (exit status: 1)
2025-07-19T15:14:37.8504056Z   --- stdout
2025-07-19T15:14:37.8507690Z   cargo:rerun-if-env-changed=GLIB_2.0_NO_PKG_CONFIG
2025-07-19T15:14:37.8508839Z   cargo:rerun-if-env-changed=PKG_CONFIG_x86_64-unknown-linux-gnu
2025-07-19T15:14:37.8511767Z   cargo:rerun-if-env-changed=PKG_CONFIG_x86_64_unknown_linux_gnu
2025-07-19T15:14:37.8512399Z   cargo:rerun-if-env-changed=HOST_PKG_CONFIG
2025-07-19T15:14:37.8512888Z   cargo:rerun-if-env-changed=PKG_CONFIG
2025-07-19T15:14:37.8513512Z   cargo:rerun-if-env-changed=PKG_CONFIG_PATH_x86_64-unknown-linux-gnu
2025-07-19T15:14:37.8514271Z   cargo:rerun-if-env-changed=PKG_CONFIG_PATH_x86_64_unknown_linux_gnu
2025-07-19T15:14:37.8514919Z   cargo:rerun-if-env-changed=HOST_PKG_CONFIG_PATH
2025-07-19T15:14:37.8515439Z   cargo:rerun-if-env-changed=PKG_CONFIG_PATH
2025-07-19T15:14:37.8516247Z   cargo:rerun-if-env-changed=PKG_CONFIG_LIBDIR_x86_64-unknown-linux-gnu
2025-07-19T15:14:37.8517015Z   cargo:rerun-if-env-changed=PKG_CONFIG_LIBDIR_x86_64_unknown_linux_gnu
2025-07-19T15:14:37.8517725Z   cargo:rerun-if-env-changed=HOST_PKG_CONFIG_LIBDIR
2025-07-19T15:14:37.8518252Z   cargo:rerun-if-env-changed=PKG_CONFIG_LIBDIR
2025-07-19T15:14:37.8518882Z   cargo:rerun-if-env-changed=PKG_CONFIG_SYSROOT_DIR_x86_64-unknown-linux-gnu
2025-07-19T15:14:37.8519685Z   cargo:rerun-if-env-changed=PKG_CONFIG_SYSROOT_DIR_x86_64_unknown_linux_gnu
2025-07-19T15:14:37.8520379Z   cargo:rerun-if-env-changed=HOST_PKG_CONFIG_SYSROOT_DIR
2025-07-19T15:14:37.8520960Z   cargo:rerun-if-env-changed=PKG_CONFIG_SYSROOT_DIR
2025-07-19T15:14:37.8521413Z   cargo:warning=
2025-07-19T15:14:37.8521733Z   pkg-config exited with status code 1
2025-07-19T15:14:37.8522361Z   > PKG_CONFIG_ALLOW_SYSTEM_CFLAGS=1 pkg-config --libs --cflags glib-2.0 glib-2.0 >= 2.70
2025-07-19T15:14:37.8522916Z 
2025-07-19T15:14:37.8523225Z   The system library `glib-2.0` required by crate `glib-sys` was not found.
2025-07-19T15:14:37.8524253Z   The file `glib-2.0.pc` needs to be installed and the PKG_CONFIG_PATH environment variable must contain its parent directory.
2025-07-19T15:14:37.8525163Z   The PKG_CONFIG_PATH environment variable is not set.
2025-07-19T15:14:37.8525539Z 
2025-07-19T15:14:37.8526791Z   HINT: if you have installed the library, try setting PKG_CONFIG_PATH to the directory containing `glib-2.0.pc`.
2025-07-19T15:14:37.8527480Z 
2025-07-19T15:14:37.8527948Z [1m[33mwarning[0m[1m:[0m build failed, waiting for other jobs to finish...
2025-07-19T15:14:37.8528677Z [1m[33mwarning[0m[1m:[0m gobject-sys@0.18.0: 
2025-07-19T15:14:37.8529471Z [1m[31merror[0m[1m:[0m failed to run custom build command for `gobject-sys v0.18.0`
2025-07-19T15:14:37.8529954Z 
2025-07-19T15:14:37.8530072Z Caused by:
2025-07-19T15:14:37.8531429Z   process didn't exit successfully: `/home/runner/work/full-scope/full-scope/src-tauri/target/debug/build/gobject-sys-2ac08cb99626621f/build-script-build` (exit status: 1)
2025-07-19T15:14:37.8532673Z   --- stdout
2025-07-19T15:14:37.8533071Z   cargo:rerun-if-env-changed=GOBJECT_2.0_NO_PKG_CONFIG
2025-07-19T15:14:37.8533724Z   cargo:rerun-if-env-changed=PKG_CONFIG_x86_64-unknown-linux-gnu
2025-07-19T15:14:37.8534403Z   cargo:rerun-if-env-changed=PKG_CONFIG_x86_64_unknown_linux_gnu
2025-07-19T15:14:37.8534997Z   cargo:rerun-if-env-changed=HOST_PKG_CONFIG
2025-07-19T15:14:37.8535466Z   cargo:rerun-if-env-changed=PKG_CONFIG
2025-07-19T15:14:37.8536283Z   cargo:rerun-if-env-changed=PKG_CONFIG_PATH_x86_64-unknown-linux-gnu
2025-07-19T15:14:37.8537021Z   cargo:rerun-if-env-changed=PKG_CONFIG_PATH_x86_64_unknown_linux_gnu
2025-07-19T15:14:37.8537638Z   cargo:rerun-if-env-changed=HOST_PKG_CONFIG_PATH
2025-07-19T15:14:37.8538152Z   cargo:rerun-if-env-changed=PKG_CONFIG_PATH
2025-07-19T15:14:37.8538768Z   cargo:rerun-if-env-changed=PKG_CONFIG_LIBDIR_x86_64-unknown-linux-gnu
2025-07-19T15:14:37.8539490Z   cargo:rerun-if-env-changed=PKG_CONFIG_LIBDIR_x86_64_unknown_linux_gnu
2025-07-19T15:14:37.8540148Z   cargo:rerun-if-env-changed=HOST_PKG_CONFIG_LIBDIR
2025-07-19T15:14:37.8540689Z   cargo:rerun-if-env-changed=PKG_CONFIG_LIBDIR
2025-07-19T15:14:37.8541588Z   cargo:rerun-if-env-changed=PKG_CONFIG_SYSROOT_DIR_x86_64-unknown-linux-gnu
2025-07-19T15:14:37.8542376Z   cargo:rerun-if-env-changed=PKG_CONFIG_SYSROOT_DIR_x86_64_unknown_linux_gnu
2025-07-19T15:14:37.8543083Z   cargo:rerun-if-env-changed=HOST_PKG_CONFIG_SYSROOT_DIR
2025-07-19T15:14:37.8543627Z   cargo:rerun-if-env-changed=PKG_CONFIG_SYSROOT_DIR
2025-07-19T15:14:37.8544100Z   cargo:warning=
2025-07-19T15:14:37.8544438Z   pkg-config exited with status code 1
2025-07-19T15:14:37.8545152Z   > PKG_CONFIG_ALLOW_SYSTEM_CFLAGS=1 pkg-config --libs --cflags gobject-2.0 gobject-2.0 >= 2.70
2025-07-19T15:14:37.8545710Z 
2025-07-19T15:14:37.8546456Z   The system library `gobject-2.0` required by crate `gobject-sys` was not found.
2025-07-19T15:14:37.8547540Z   The file `gobject-2.0.pc` needs to be installed and the PKG_CONFIG_PATH environment variable must contain its parent directory.
2025-07-19T15:14:37.8548501Z   The PKG_CONFIG_PATH environment variable is not set.
2025-07-19T15:14:37.8548859Z 
2025-07-19T15:14:37.8549379Z   HINT: if you have installed the library, try setting PKG_CONFIG_PATH to the directory containing `gobject-2.0.pc`.
2025-07-19T15:14:37.8550039Z 
2025-07-19T15:14:38.4077057Z ##[error]Process completed with exit code 101.
2025-07-19T15:14:38.4184487Z Post job cleanup.
2025-07-19T15:14:38.5107283Z [command]/usr/bin/git version
2025-07-19T15:14:38.5142058Z git version 2.50.1
2025-07-19T15:14:38.5185661Z Temporarily overriding HOME='/home/runner/work/_temp/345c8f6a-2599-4e09-b1d9-16d90b5058e2' before making global git config changes
2025-07-19T15:14:38.5187429Z Adding repository directory to the temporary git global config as a safe directory
2025-07-19T15:14:38.5198621Z [command]/usr/bin/git config --global --add safe.directory /home/runner/work/full-scope/full-scope
2025-07-19T15:14:38.5234780Z [command]/usr/bin/git config --local --name-only --get-regexp core\.sshCommand
2025-07-19T15:14:38.5263851Z [command]/usr/bin/git submodule foreach --recursive sh -c "git config --local --name-only --get-regexp 'core\.sshCommand' && git config --local --unset-all 'core.sshCommand' || :"
2025-07-19T15:14:38.5488341Z [command]/usr/bin/git config --local --name-only --get-regexp http\.https\:\/\/github\.com\/\.extraheader
2025-07-19T15:14:38.5509086Z http.https://github.com/.extraheader
2025-07-19T15:14:38.5521059Z [command]/usr/bin/git config --local --unset-all http.https://github.com/.extraheader
2025-07-19T15:14:38.5550056Z [command]/usr/bin/git submodule foreach --recursive sh -c "git config --local --name-only --get-regexp 'http\.https\:\/\/github\.com\/\.extraheader' && git config --local --unset-all 'http.https://github.com/.extraheader' || :"
2025-07-19T15:14:38.5868917Z Cleaning up orphan processes
