2025-07-19T15:14:10.2295500Z Current runner version: '2.326.0'
2025-07-19T15:14:10.2329373Z ##[group]Runner Image Provisioner
2025-07-19T15:14:10.2330527Z Hosted Compute Agent
2025-07-19T15:14:10.2331426Z Version: 20250711.363
2025-07-19T15:14:10.2332376Z Commit: 6785254374ce925a23743850c1cb91912ce5c14c
2025-07-19T15:14:10.2333498Z Build Date: 2025-07-11T20:04:25Z
2025-07-19T15:14:10.2334378Z ##[endgroup]
2025-07-19T15:14:10.2335303Z ##[group]Operating System
2025-07-19T15:14:10.2336165Z Ubuntu
2025-07-19T15:14:10.2336930Z 24.04.2
2025-07-19T15:14:10.2338158Z LTS
2025-07-19T15:14:10.2338822Z ##[endgroup]
2025-07-19T15:14:10.2339617Z ##[group]Runner Image
2025-07-19T15:14:10.2340616Z Image: ubuntu-24.04
2025-07-19T15:14:10.2341402Z Version: 20250710.1.0
2025-07-19T15:14:10.2343018Z Included Software: https://github.com/actions/runner-images/blob/ubuntu24/20250710.1/images/ubuntu/Ubuntu2404-Readme.md
2025-07-19T15:14:10.2345688Z Image Release: https://github.com/actions/runner-images/releases/tag/ubuntu24%2F20250710.1
2025-07-19T15:14:10.2347611Z ##[endgroup]
2025-07-19T15:14:10.2349430Z ##[group]GITHUB_TOKEN Permissions
2025-07-19T15:14:10.2351756Z Contents: read
2025-07-19T15:14:10.2352803Z Metadata: read
2025-07-19T15:14:10.2353612Z Packages: read
2025-07-19T15:14:10.2354311Z ##[endgroup]
2025-07-19T15:14:10.2357516Z Secret source: Actions
2025-07-19T15:14:10.2358662Z Prepare workflow directory
2025-07-19T15:14:10.2812983Z Prepare all required actions
2025-07-19T15:14:10.2869520Z Getting action download info
2025-07-19T15:14:10.5699720Z ##[group]Download immutable action package 'actions/checkout@v4'
2025-07-19T15:14:10.5700767Z Version: 4.2.2
2025-07-19T15:14:10.5701792Z Digest: sha256:ccb2698953eaebd21c7bf6268a94f9c26518a7e38e27e0b83c1fe1ad049819b1
2025-07-19T15:14:10.5702919Z Source commit SHA: 11bd71901bbe5b1630ceea73d27597364c9af683
2025-07-19T15:14:10.5703657Z ##[endgroup]
2025-07-19T15:14:11.1008442Z ##[group]Download immutable action package 'actions/setup-node@v4'
2025-07-19T15:14:11.1009451Z Version: 4.4.0
2025-07-19T15:14:11.1010346Z Digest: sha256:9427cefe82346e992fb5b949e3569b39d537ae41aa3086483b14eceebfc16bc1
2025-07-19T15:14:11.1011323Z Source commit SHA: 49933ea5288caeca8642d1e84afbd3f7d6820020
2025-07-19T15:14:11.1012118Z ##[endgroup]
2025-07-19T15:14:11.2275460Z Download action repository 'pnpm/action-setup@v4' (SHA:a7487c7e89a18df4991f7f222e4898a00d66ddda)
2025-07-19T15:14:11.5176104Z Complete job name: Frontend Tests
2025-07-19T15:14:11.5862725Z ##[group]Run actions/checkout@v4
2025-07-19T15:14:11.5863615Z with:
2025-07-19T15:14:11.5864050Z   repository: eshamster/full-scope
2025-07-19T15:14:11.5864738Z   token: ***
2025-07-19T15:14:11.5865164Z   ssh-strict: true
2025-07-19T15:14:11.5865574Z   ssh-user: git
2025-07-19T15:14:11.5866014Z   persist-credentials: true
2025-07-19T15:14:11.5866488Z   clean: true
2025-07-19T15:14:11.5866932Z   sparse-checkout-cone-mode: true
2025-07-19T15:14:11.5867614Z   fetch-depth: 1
2025-07-19T15:14:11.5868038Z   fetch-tags: false
2025-07-19T15:14:11.5868470Z   show-progress: true
2025-07-19T15:14:11.5868945Z   lfs: false
2025-07-19T15:14:11.5869345Z   submodules: false
2025-07-19T15:14:11.5869785Z   set-safe-directory: true
2025-07-19T15:14:11.5870511Z ##[endgroup]
2025-07-19T15:14:11.6915799Z Syncing repository: eshamster/full-scope
2025-07-19T15:14:11.6917942Z ##[group]Getting Git version info
2025-07-19T15:14:11.6918738Z Working directory is '/home/runner/work/full-scope/full-scope'
2025-07-19T15:14:11.6919855Z [command]/usr/bin/git version
2025-07-19T15:14:11.8909860Z git version 2.50.1
2025-07-19T15:14:11.8938331Z ##[endgroup]
2025-07-19T15:14:11.8963038Z Temporarily overriding HOME='/home/runner/work/_temp/e25a9056-91e4-4ba5-bcd2-8eb3b8f74caf' before making global git config changes
2025-07-19T15:14:11.8965003Z Adding repository directory to the temporary git global config as a safe directory
2025-07-19T15:14:11.8968845Z [command]/usr/bin/git config --global --add safe.directory /home/runner/work/full-scope/full-scope
2025-07-19T15:14:11.9040074Z Deleting the contents of '/home/runner/work/full-scope/full-scope'
2025-07-19T15:14:11.9043020Z ##[group]Initializing the repository
2025-07-19T15:14:11.9046703Z [command]/usr/bin/git init /home/runner/work/full-scope/full-scope
2025-07-19T15:14:11.9527615Z hint: Using 'master' as the name for the initial branch. This default branch name
2025-07-19T15:14:11.9529485Z hint: is subject to change. To configure the initial branch name to use in all
2025-07-19T15:14:11.9531090Z hint: of your new repositories, which will suppress this warning, call:
2025-07-19T15:14:11.9532259Z hint:
2025-07-19T15:14:11.9533005Z hint: 	git config --global init.defaultBranch <name>
2025-07-19T15:14:11.9533947Z hint:
2025-07-19T15:14:11.9534838Z hint: Names commonly chosen instead of 'master' are 'main', 'trunk' and
2025-07-19T15:14:11.9536336Z hint: 'development'. The just-created branch can be renamed via this command:
2025-07-19T15:14:11.9537783Z hint:
2025-07-19T15:14:11.9538379Z hint: 	git branch -m <name>
2025-07-19T15:14:11.9539112Z hint:
2025-07-19T15:14:11.9540084Z hint: Disable this message with "git config set advice.defaultBranchName false"
2025-07-19T15:14:11.9571527Z Initialized empty Git repository in /home/runner/work/full-scope/full-scope/.git/
2025-07-19T15:14:11.9585858Z [command]/usr/bin/git remote add origin https://github.com/eshamster/full-scope
2025-07-19T15:14:11.9777452Z ##[endgroup]
2025-07-19T15:14:11.9780004Z ##[group]Disabling automatic garbage collection
2025-07-19T15:14:11.9782385Z [command]/usr/bin/git config --local gc.auto 0
2025-07-19T15:14:11.9810966Z ##[endgroup]
2025-07-19T15:14:11.9813207Z ##[group]Setting up auth
2025-07-19T15:14:11.9818409Z [command]/usr/bin/git config --local --name-only --get-regexp core\.sshCommand
2025-07-19T15:14:11.9850817Z [command]/usr/bin/git submodule foreach --recursive sh -c "git config --local --name-only --get-regexp 'core\.sshCommand' && git config --local --unset-all 'core.sshCommand' || :"
2025-07-19T15:14:12.1583687Z [command]/usr/bin/git config --local --name-only --get-regexp http\.https\:\/\/github\.com\/\.extraheader
2025-07-19T15:14:12.1612919Z [command]/usr/bin/git submodule foreach --recursive sh -c "git config --local --name-only --get-regexp 'http\.https\:\/\/github\.com\/\.extraheader' && git config --local --unset-all 'http.https://github.com/.extraheader' || :"
2025-07-19T15:14:12.1829816Z [command]/usr/bin/git config --local http.https://github.com/.extraheader AUTHORIZATION: basic ***
2025-07-19T15:14:12.1863821Z ##[endgroup]
2025-07-19T15:14:12.1865422Z ##[group]Fetching the repository
2025-07-19T15:14:12.1880022Z [command]/usr/bin/git -c protocol.version=2 fetch --no-tags --prune --no-recurse-submodules --depth=1 origin +9924a350901da4b6157d3cd20cea7d017a67bb2f:refs/remotes/origin/main
2025-07-19T15:14:12.4601259Z From https://github.com/eshamster/full-scope
2025-07-19T15:14:12.4603961Z  * [new ref]         9924a350901da4b6157d3cd20cea7d017a67bb2f -> origin/main
2025-07-19T15:14:12.4671719Z ##[endgroup]
2025-07-19T15:14:12.4673962Z ##[group]Determining the checkout info
2025-07-19T15:14:12.4676486Z ##[endgroup]
2025-07-19T15:14:12.4679176Z [command]/usr/bin/git sparse-checkout disable
2025-07-19T15:14:12.5152451Z [command]/usr/bin/git config --local --unset-all extensions.worktreeConfig
2025-07-19T15:14:12.5181795Z ##[group]Checking out the ref
2025-07-19T15:14:12.5184696Z [command]/usr/bin/git checkout --progress --force -B main refs/remotes/origin/main
2025-07-19T15:14:12.5288083Z Switched to a new branch 'main'
2025-07-19T15:14:12.5290998Z branch 'main' set up to track 'origin/main'.
2025-07-19T15:14:12.5298517Z ##[endgroup]
2025-07-19T15:14:12.5331234Z [command]/usr/bin/git log -1 --format=%H
2025-07-19T15:14:12.5353201Z 9924a350901da4b6157d3cd20cea7d017a67bb2f
2025-07-19T15:14:12.5643876Z ##[group]Run actions/setup-node@v4
2025-07-19T15:14:12.5644922Z with:
2025-07-19T15:14:12.5645665Z   node-version: 20
2025-07-19T15:14:12.5646483Z   always-auth: false
2025-07-19T15:14:12.5647482Z   check-latest: false
2025-07-19T15:14:12.5648599Z   token: ***
2025-07-19T15:14:12.5649365Z ##[endgroup]
2025-07-19T15:14:12.7680829Z Found in cache @ /opt/hostedtoolcache/node/20.19.3/x64
2025-07-19T15:14:12.7686210Z ##[group]Environment details
2025-07-19T15:14:20.7676142Z node: v20.19.3
2025-07-19T15:14:20.7676597Z npm: 10.8.2
2025-07-19T15:14:20.7676896Z yarn: 1.22.22
2025-07-19T15:14:20.7678778Z ##[endgroup]
2025-07-19T15:14:20.7797061Z ##[group]Run pnpm/action-setup@v4
2025-07-19T15:14:20.7797872Z with:
2025-07-19T15:14:20.7798055Z   version: 8
2025-07-19T15:14:20.7798228Z   dest: ~/setup-pnpm
2025-07-19T15:14:20.7798414Z   run_install: null
2025-07-19T15:14:20.7798603Z   package_json_file: package.json
2025-07-19T15:14:20.7798838Z   standalone: false
2025-07-19T15:14:20.7799010Z ##[endgroup]
2025-07-19T15:14:20.8343200Z ##[group]Running self-installer...
2025-07-19T15:14:21.3664484Z Progress: resolved 1, reused 0, downloaded 0, added 0
2025-07-19T15:14:21.3748862Z Packages: +1
2025-07-19T15:14:21.3750856Z +
2025-07-19T15:14:21.7031048Z Progress: resolved 1, reused 0, downloaded 1, added 1, done
2025-07-19T15:14:21.7310616Z 
2025-07-19T15:14:21.7311018Z dependencies:
2025-07-19T15:14:21.7311534Z + pnpm 8.15.9 (10.13.1 is available)
2025-07-19T15:14:21.7311847Z 
2025-07-19T15:14:21.7350923Z Done in 738ms
2025-07-19T15:14:21.7547400Z ##[endgroup]
2025-07-19T15:14:21.7552919Z Installation Completed!
2025-07-19T15:14:21.7642436Z ##[group]Run pnpm install
2025-07-19T15:14:21.7642842Z [36;1mpnpm install[0m
2025-07-19T15:14:21.7676924Z shell: /usr/bin/bash -e {0}
2025-07-19T15:14:21.7677414Z env:
2025-07-19T15:14:21.7677646Z   PNPM_HOME: /home/runner/setup-pnpm/node_modules/.bin
2025-07-19T15:14:21.7738069Z ##[endgroup]
2025-07-19T15:14:22.7421818Z â€‰WARNâ€‰ Ignoring not compatible lockfile at /home/runner/work/full-scope/full-scope/pnpm-lock.yaml
2025-07-19T15:14:23.0899875Z Progress: resolved 1, reused 0, downloaded 0, added 0
2025-07-19T15:14:24.0959055Z Progress: resolved 71, reused 0, downloaded 52, added 0
2025-07-19T15:14:24.8873148Z Packages: +181
2025-07-19T15:14:24.8873784Z ++++++++++++++++++++++++++++++++++++++++++++++++++++++++++++++++++++++++++++++++
2025-07-19T15:14:25.0039306Z Progress: resolved 256, reused 0, downloaded 181, added 181, done
2025-07-19T15:14:25.0538756Z .../esbuild@0.25.7/node_modules/esbuild postinstall$ node install.js
2025-07-19T15:14:25.0547973Z .../esbuild@0.21.5/node_modules/esbuild postinstall$ node install.js
2025-07-19T15:14:25.1071760Z .../esbuild@0.25.7/node_modules/esbuild postinstall: Done
2025-07-19T15:14:25.1136939Z .../esbuild@0.21.5/node_modules/esbuild postinstall: Done
2025-07-19T15:14:25.5982017Z 
2025-07-19T15:14:25.5983350Z dependencies:
2025-07-19T15:14:25.5983926Z + @tauri-apps/api 2.6.0
2025-07-19T15:14:25.5984445Z + @tauri-apps/plugin-opener 2.4.0
2025-07-19T15:14:25.5985002Z + await-semaphore 0.1.3
2025-07-19T15:14:25.5985274Z 
2025-07-19T15:14:25.5985456Z devDependencies:
2025-07-19T15:14:25.5985916Z + @sveltejs/adapter-static 3.0.8
2025-07-19T15:14:25.5986365Z + @sveltejs/kit 2.25.1
2025-07-19T15:14:25.5986978Z + @sveltejs/vite-plugin-svelte 5.1.1 (6.1.0 is available)
2025-07-19T15:14:25.5987942Z + @tauri-apps/cli 2.6.2
2025-07-19T15:14:25.5988470Z + @testing-library/jest-dom 6.6.3
2025-07-19T15:14:25.5989025Z + @testing-library/svelte 5.2.8
2025-07-19T15:14:25.5989599Z + jsdom 25.0.1 (26.1.0 is available)
2025-07-19T15:14:25.5990071Z + svelte 5.36.8
2025-07-19T15:14:25.5990494Z + svelte-check 4.3.0
2025-07-19T15:14:25.5991049Z + typescript 5.6.3 (5.8.3 is available)
2025-07-19T15:14:25.5991575Z + vite 6.3.5 (7.0.5 is available)
2025-07-19T15:14:25.5992079Z + vitest 2.1.9 (3.2.4 is available)
2025-07-19T15:14:25.5992371Z 
2025-07-19T15:14:25.5992506Z Done in 3.7s
2025-07-19T15:14:25.6451110Z ##[group]Run npm run check
2025-07-19T15:14:25.6451381Z [36;1mnpm run check[0m
2025-07-19T15:14:25.6479272Z shell: /usr/bin/bash -e {0}
2025-07-19T15:14:25.6479503Z env:
2025-07-19T15:14:25.6479725Z   PNPM_HOME: /home/runner/setup-pnpm/node_modules/.bin
2025-07-19T15:14:25.6480009Z ##[endgroup]
2025-07-19T15:14:25.8855327Z 
2025-07-19T15:14:25.8855908Z > full-scope@0.1.0 check
2025-07-19T15:14:25.8856923Z > svelte-kit sync && svelte-check --tsconfig ./tsconfig.json
2025-07-19T15:14:25.8857436Z 
2025-07-19T15:14:28.5080248Z Loading svelte-check in workspace: /home/runner/work/full-scope/full-scope
2025-07-19T15:14:28.5081255Z Getting Svelte diagnostics...
2025-07-19T15:14:28.5081840Z 
2025-07-19T15:14:31.1409606Z /home/runner/work/full-scope/full-scope/[32mnode_modules/.pnpm/await-semaphore@0.1.3/node_modules/await-semaphore/index.ts[39m:34:17
2025-07-19T15:14:31.1428880Z [31mError[39m: Cannot find name 'process'. Do you need to install type definitions for node? Try `npm i --save-dev @types/node`. 
2025-07-19T15:14:31.1429911Z [36m            this.tasks.push(task);
2025-07-19T15:14:31.1430526Z             if ([35mprocess[36m && process.nextTick) {
2025-07-19T15:14:31.1431197Z                 process.nextTick(this.sched.bind(this));[39m
2025-07-19T15:14:31.1431540Z 
2025-07-19T15:14:31.1432642Z /home/runner/work/full-scope/full-scope/[32mnode_modules/.pnpm/await-semaphore@0.1.3/node_modules/await-semaphore/index.ts[39m:34:28
2025-07-19T15:14:31.1434396Z [31mError[39m: Cannot find name 'process'. Do you need to install type definitions for node? Try `npm i --save-dev @types/node`. 
2025-07-19T15:14:31.1435384Z [36m            this.tasks.push(task);
2025-07-19T15:14:31.1435972Z             if (process && [35mprocess[36m.nextTick) {
2025-07-19T15:14:31.1436634Z                 process.nextTick(this.sched.bind(this));[39m
2025-07-19T15:14:31.1436971Z 
2025-07-19T15:14:31.1438279Z /home/runner/work/full-scope/full-scope/[32mnode_modules/.pnpm/await-semaphore@0.1.3/node_modules/await-semaphore/index.ts[39m:35:17
2025-07-19T15:14:31.1440037Z [31mError[39m: Cannot find name 'process'. Do you need to install type definitions for node? Try `npm i --save-dev @types/node`. 
2025-07-19T15:14:31.1441075Z [36m            if (process && process.nextTick) {
2025-07-19T15:14:31.1441750Z                 [35mprocess[36m.nextTick(this.sched.bind(this));
2025-07-19T15:14:31.1442268Z             } else {[39m
2025-07-19T15:14:31.1442489Z 
2025-07-19T15:14:31.1443574Z /home/runner/work/full-scope/full-scope/[32mnode_modules/.pnpm/await-semaphore@0.1.3/node_modules/await-semaphore/index.ts[39m:37:17
2025-07-19T15:14:31.1444716Z [31mError[39m: Cannot find name 'setImmediate'. 
2025-07-19T15:14:31.1445221Z [36m            } else {
2025-07-19T15:14:31.1445771Z                 [35msetImmediate[36m(this.sched.bind(this));
2025-07-19T15:14:31.1446260Z             }[39m
2025-07-19T15:14:31.1446432Z 
2025-07-19T15:14:31.1447433Z /home/runner/work/full-scope/full-scope/[32msrc/routes/viewer/image-info-manager.svelte.ts[39m:45:5
2025-07-19T15:14:31.1449131Z [31mError[39m: Type 'ImageInfo[]' is missing the following properties from type 'ImageInfo': tempBookmark, path, bookmark, isBookmarked 
2025-07-19T15:14:31.1450322Z [36m    const end = Math.min(this.list.length, start + count);
2025-07-19T15:14:31.1451010Z     [35mreturn[36m this.list.slice(start, end);
2025-07-19T15:14:31.1451474Z   }[39m
2025-07-19T15:14:31.1451650Z 
2025-07-19T15:14:31.1452672Z /home/runner/work/full-scope/full-scope/[32msrc/routes/viewer/__tests__/image-info-manager.test.ts[39m:277:14
2025-07-19T15:14:31.1454352Z [31mError[39m: Element implicitly has an 'any' type because expression of type '0' can't be used to index type 'ImageInfo'.
2025-07-19T15:14:31.1455304Z   Property '0' does not exist on type 'ImageInfo'. 
2025-07-19T15:14:31.1456029Z [36m      expect(result).toHaveLength(2);
2025-07-19T15:14:31.1456757Z       expect([35mresult[0][36m.path).toBe('/path/to/image1.jpg');
2025-07-19T15:14:31.1458404Z       expect(result[1].path).toBe('/path/to/image2.png');[39m
2025-07-19T15:14:31.1458820Z 
2025-07-19T15:14:31.1459786Z /home/runner/work/full-scope/full-scope/[32msrc/routes/viewer/__tests__/image-info-manager.test.ts[39m:278:14
2025-07-19T15:14:31.1461465Z [31mError[39m: Element implicitly has an 'any' type because expression of type '1' can't be used to index type 'ImageInfo'.
2025-07-19T15:14:31.1462516Z   Property '1' does not exist on type 'ImageInfo'. 
2025-07-19T15:14:31.1463646Z [36m      expect(result[0].path).toBe('/path/to/image1.jpg');
2025-07-19T15:14:31.1464463Z       expect([35mresult[1][36m.path).toBe('/path/to/image2.png');
2025-07-19T15:14:31.1465028Z     });[39m
2025-07-19T15:14:31.1465208Z 
2025-07-19T15:14:31.1466135Z /home/runner/work/full-scope/full-scope/[32msrc/routes/viewer/__tests__/image-info-manager.test.ts[39m:287:14
2025-07-19T15:14:31.1467930Z [31mError[39m: Element implicitly has an 'any' type because expression of type '0' can't be used to index type 'ImageInfo'.
2025-07-19T15:14:31.1468885Z   Property '0' does not exist on type 'ImageInfo'. 
2025-07-19T15:14:31.1469861Z [36m      expect(result).toHaveLength(1); // Only one image from current position
2025-07-19T15:14:31.1470769Z       expect([35mresult[0][36m.path).toBe('/path/to/image3.gif');
2025-07-19T15:14:31.1471328Z     });[39m
2025-07-19T15:14:31.1471498Z 
2025-07-19T15:14:31.1472153Z /home/runner/work/full-scope/full-scope/[32msrc/routes/+page.svelte[39m:6:36
2025-07-19T15:14:31.1473283Z [31mError[39m: Cannot find name 'DragDropEvent'. Did you mean 'DragEvent'? (ts)
2025-07-19T15:14:31.1473904Z [36m
2025-07-19T15:14:31.1474477Z   async function handleDrop(event: [35mDragDropEvent[36m) {
2025-07-19T15:14:31.1475222Z     const inputPaths = event.payload.paths;[39m
2025-07-19T15:14:31.1475585Z 
2025-07-19T15:14:31.1476227Z /home/runner/work/full-scope/full-scope/[32msrc/routes/+page.svelte[39m:17:7
2025-07-19T15:14:31.1478137Z [31mError[39m: Variable 'unlisten' implicitly has type 'any' in some locations where its type cannot be determined. (ts)
2025-07-19T15:14:31.1478991Z [36m
2025-07-19T15:14:31.1479336Z   let [35munlisten[36m;
2025-07-19T15:14:31.1479737Z   onMount(() => {[39m
2025-07-19T15:14:31.1479941Z 
2025-07-19T15:14:31.1480559Z /home/runner/work/full-scope/full-scope/[32msrc/routes/+page.svelte[39m:32:9
2025-07-19T15:14:31.1481595Z [31mError[39m: Variable 'unlisten' implicitly has an 'any' type. (ts)
2025-07-19T15:14:31.1482293Z [36m  onDestroy(() => {
2025-07-19T15:14:31.1482893Z     if ([35munlisten[36m && typeof unlisten === "function") {
2025-07-19T15:14:31.1483454Z       unlisten();[39m
2025-07-19T15:14:31.1483662Z 
2025-07-19T15:14:31.1484295Z /home/runner/work/full-scope/full-scope/[32msrc/routes/+page.svelte[39m:35:40
2025-07-19T15:14:31.1485324Z [31mError[39m: Variable 'unlisten' implicitly has an 'any' type. (ts)
2025-07-19T15:14:31.1485949Z [36m    } else {
2025-07-19T15:14:31.1486520Z       console.log(`skipped unlisten: ${[35munlisten[36m}`);
2025-07-19T15:14:31.1487057Z     }[39m
2025-07-19T15:14:31.1487397Z 
2025-07-19T15:14:31.1488106Z /home/runner/work/full-scope/full-scope/[32msrc/routes/viewer/+page.svelte[39m:36:45
2025-07-19T15:14:31.1489463Z [31mError[39m: Argument of type '() => ImageInfo' is not assignable to parameter of type 'ImageInfo[]'. (ts)
2025-07-19T15:14:31.1490214Z [36m
2025-07-19T15:14:31.1490760Z   let currentImages = $derived<ImageInfo[]>([35m() => {[36m
2025-07-19T15:14:31.1491419Z     return manager.getCurrentList([39m
2025-07-19T15:14:31.1491721Z 
2025-07-19T15:14:31.1492404Z /home/runner/work/full-scope/full-scope/[32msrc/routes/viewer/+page.svelte[39m:117:7
2025-07-19T15:14:31.1493849Z [31mError[39m: Variable 'unlisten' implicitly has type 'any' in some locations where its type cannot be determined. (ts)
2025-07-19T15:14:31.1494654Z [36m
2025-07-19T15:14:31.1494992Z   let [35munlisten[36m;
2025-07-19T15:14:31.1495404Z   onMount(async () => {[39m
2025-07-19T15:14:31.1495646Z 
2025-07-19T15:14:31.1496573Z /home/runner/work/full-scope/full-scope/[32msrc/routes/viewer/+page.svelte[39m:126:22
2025-07-19T15:14:31.1498884Z [31mError[39m: Argument of type 'unknown' is not assignable to parameter of type 'ImagePathsResp'. (ts)
2025-07-19T15:14:31.1499983Z [36m    const resp = await invoke("get_prev_image_paths", {});
2025-07-19T15:14:31.1500683Z     handleImagePaths([35mresp[36m);[39m
2025-07-19T15:14:31.1500995Z 
2025-07-19T15:14:31.1501945Z /home/runner/work/full-scope/full-scope/[32msrc/routes/viewer/+page.svelte[39m:152:9
2025-07-19T15:14:31.1503068Z [31mError[39m: Variable 'unlisten' implicitly has an 'any' type. (ts)
2025-07-19T15:14:31.1503721Z [36m  onDestroy(() => {
2025-07-19T15:14:31.1504338Z     if ([35munlisten[36m && typeof unlisten === "function") {
2025-07-19T15:14:31.1504888Z       unlisten();[39m
2025-07-19T15:14:31.1505102Z 
2025-07-19T15:14:31.1505798Z /home/runner/work/full-scope/full-scope/[32msrc/routes/viewer/+page.svelte[39m:155:40
2025-07-19T15:14:31.1506887Z [31mError[39m: Variable 'unlisten' implicitly has an 'any' type. (ts)
2025-07-19T15:14:31.1507714Z [36m    } else {
2025-07-19T15:14:31.1508280Z       console.log(`skipped unlisten: ${[35munlisten[36m}`);
2025-07-19T15:14:31.1508871Z     }[39m
2025-07-19T15:14:31.1509042Z 
2025-07-19T15:14:31.1509746Z /home/runner/work/full-scope/full-scope/[32msrc/routes/viewer/+page.svelte[39m:174:14
2025-07-19T15:14:31.1510668Z [31mError[39m: This expression is not callable.
2025-07-19T15:14:31.1511259Z   Type 'ImageInfo[]' has no call signatures. (ts)
2025-07-19T15:14:31.1511737Z [36m    >
2025-07-19T15:14:31.1512188Z       {#each [35mcurrentImages[36m() as img}
2025-07-19T15:14:31.1512724Z         <div class="cell">[39m
2025-07-19T15:14:31.1512982Z 
2025-07-19T15:14:31.1513184Z ====================================
2025-07-19T15:14:31.1513896Z [31msvelte-check found 18 errors and 0 warnings in 5 files
2025-07-19T15:14:31.1855748Z [39m
2025-07-19T15:14:31.1868439Z ##[error]Process completed with exit code 1.
2025-07-19T15:14:31.1928092Z Post job cleanup.
2025-07-19T15:14:31.2466113Z Pruning is unnecessary.
2025-07-19T15:14:31.2558198Z Post job cleanup.
2025-07-19T15:14:31.3485373Z [command]/usr/bin/git version
2025-07-19T15:14:31.3529957Z git version 2.50.1
2025-07-19T15:14:31.3580567Z Temporarily overriding HOME='/home/runner/work/_temp/25af00c1-7d4c-4207-9fc6-ecf1f60fd628' before making global git config changes
2025-07-19T15:14:31.3581752Z Adding repository directory to the temporary git global config as a safe directory
2025-07-19T15:14:31.3595021Z [command]/usr/bin/git config --global --add safe.directory /home/runner/work/full-scope/full-scope
2025-07-19T15:14:31.3630460Z [command]/usr/bin/git config --local --name-only --get-regexp core\.sshCommand
2025-07-19T15:14:31.3662473Z [command]/usr/bin/git submodule foreach --recursive sh -c "git config --local --name-only --get-regexp 'core\.sshCommand' && git config --local --unset-all 'core.sshCommand' || :"
2025-07-19T15:14:31.3882382Z [command]/usr/bin/git config --local --name-only --get-regexp http\.https\:\/\/github\.com\/\.extraheader
2025-07-19T15:14:31.3902119Z http.https://github.com/.extraheader
2025-07-19T15:14:31.3914261Z [command]/usr/bin/git config --local --unset-all http.https://github.com/.extraheader
2025-07-19T15:14:31.3943719Z [command]/usr/bin/git submodule foreach --recursive sh -c "git config --local --name-only --get-regexp 'http\.https\:\/\/github\.com\/\.extraheader' && git config --local --unset-all 'http.https://github.com/.extraheader' || :"
2025-07-19T15:14:31.4262847Z Cleaning up orphan processes
